
Optional file libmchp_peripheral.a not found

Optional file libmchp_peripheral_32MX470F512H.a not found
Archive member included to satisfy reference by file (symbol)

c:/program files/microchip/xc32/v4.10/bin/bin/../../lib/gcc/pic32mx/8.3.1/../../../../pic32mx/lib\libpic32.a(default-on-reset.o)
                              C:\Users\johnb\AppData\Local\Temp\ccOprmtw.o (_on_reset)
c:/program files/microchip/xc32/v4.10/bin/bin/../../lib/gcc/pic32mx/8.3.1/../../../../pic32mx/lib\libpic32.a(default-on-bootstrap.o)
                              C:\Users\johnb\AppData\Local\Temp\ccOprmtw.o (_on_bootstrap)
c:/program files/microchip/xc32/v4.10/bin/bin/../../lib/gcc/pic32mx/8.3.1/../../../../pic32mx/lib\libpic32.a(default-nmi-handler.o)
                              C:\Users\johnb\AppData\Local\Temp\ccOprmtw.o (_nmi_handler)
c:/program files/microchip/xc32/v4.10/bin/bin/../../lib/gcc/pic32mx/8.3.1/../../../../pic32mx/lib\libpic32.a(pic32_data_init.o)
                              C:\Users\johnb\AppData\Local\Temp\ccOprmtw.o (__pic32_data_init)
c:/program files/microchip/xc32/v4.10/bin/bin/../../lib/gcc/pic32mx/8.3.1/../../../../pic32mx/lib\libpic32.a(general-exception.o)
                              C:\Users\johnb\AppData\Local\Temp\ccOprmtw.o (_general_exception_context)
c:/program files/microchip/xc32/v4.10/bin/bin/../../lib/gcc/pic32mx/8.3.1/../../../../pic32mx/lib\libpic32.a(vector0.o)
                              C:\Users\johnb\AppData\Local\Temp\ccJdI2EB.o (__vector_dispatch_0)
c:/program files/microchip/xc32/v4.10/bin/bin/../../lib/gcc/pic32mx/8.3.1/../../../../pic32mx/lib\libpic32.a(vector1.o)
                              C:\Users\johnb\AppData\Local\Temp\ccJdI2EB.o (__vector_dispatch_1)
c:/program files/microchip/xc32/v4.10/bin/bin/../../lib/gcc/pic32mx/8.3.1/../../../../pic32mx/lib\libpic32.a(vector2.o)
                              C:\Users\johnb\AppData\Local\Temp\ccJdI2EB.o (__vector_dispatch_2)
c:/program files/microchip/xc32/v4.10/bin/bin/../../lib/gcc/pic32mx/8.3.1/../../../../pic32mx/lib\libpic32.a(vector3.o)
                              C:\Users\johnb\AppData\Local\Temp\ccJdI2EB.o (__vector_dispatch_3)
c:/program files/microchip/xc32/v4.10/bin/bin/../../lib/gcc/pic32mx/8.3.1/../../../../pic32mx/lib\libpic32.a(vector5.o)
                              C:\Users\johnb\AppData\Local\Temp\ccJdI2EB.o (__vector_dispatch_5)
c:/program files/microchip/xc32/v4.10/bin/bin/../../lib/gcc/pic32mx/8.3.1/../../../../pic32mx/lib\libpic32.a(vector6.o)
                              C:\Users\johnb\AppData\Local\Temp\ccJdI2EB.o (__vector_dispatch_6)
c:/program files/microchip/xc32/v4.10/bin/bin/../../lib/gcc/pic32mx/8.3.1/../../../../pic32mx/lib\libpic32.a(vector7.o)
                              C:\Users\johnb\AppData\Local\Temp\ccJdI2EB.o (__vector_dispatch_7)
c:/program files/microchip/xc32/v4.10/bin/bin/../../lib/gcc/pic32mx/8.3.1/../../../../pic32mx/lib\libpic32.a(vector9.o)
                              C:\Users\johnb\AppData\Local\Temp\ccJdI2EB.o (__vector_dispatch_9)
c:/program files/microchip/xc32/v4.10/bin/bin/../../lib/gcc/pic32mx/8.3.1/../../../../pic32mx/lib\libpic32.a(vector10.o)
                              C:\Users\johnb\AppData\Local\Temp\ccJdI2EB.o (__vector_dispatch_10)
c:/program files/microchip/xc32/v4.10/bin/bin/../../lib/gcc/pic32mx/8.3.1/../../../../pic32mx/lib\libpic32.a(vector11.o)
                              C:\Users\johnb\AppData\Local\Temp\ccJdI2EB.o (__vector_dispatch_11)
c:/program files/microchip/xc32/v4.10/bin/bin/../../lib/gcc/pic32mx/8.3.1/../../../../pic32mx/lib\libpic32.a(vector13.o)
                              C:\Users\johnb\AppData\Local\Temp\ccJdI2EB.o (__vector_dispatch_13)
c:/program files/microchip/xc32/v4.10/bin/bin/../../lib/gcc/pic32mx/8.3.1/../../../../pic32mx/lib\libpic32.a(vector14.o)
                              C:\Users\johnb\AppData\Local\Temp\ccJdI2EB.o (__vector_dispatch_14)
c:/program files/microchip/xc32/v4.10/bin/bin/../../lib/gcc/pic32mx/8.3.1/../../../../pic32mx/lib\libpic32.a(vector15.o)
                              C:\Users\johnb\AppData\Local\Temp\ccJdI2EB.o (__vector_dispatch_15)
c:/program files/microchip/xc32/v4.10/bin/bin/../../lib/gcc/pic32mx/8.3.1/../../../../pic32mx/lib\libpic32.a(vector16.o)
                              C:\Users\johnb\AppData\Local\Temp\ccJdI2EB.o (__vector_dispatch_16)
c:/program files/microchip/xc32/v4.10/bin/bin/../../lib/gcc/pic32mx/8.3.1/../../../../pic32mx/lib\libpic32.a(vector17.o)
                              C:\Users\johnb\AppData\Local\Temp\ccJdI2EB.o (__vector_dispatch_17)
c:/program files/microchip/xc32/v4.10/bin/bin/../../lib/gcc/pic32mx/8.3.1/../../../../pic32mx/lib\libpic32.a(vector18.o)
                              C:\Users\johnb\AppData\Local\Temp\ccJdI2EB.o (__vector_dispatch_18)
c:/program files/microchip/xc32/v4.10/bin/bin/../../lib/gcc/pic32mx/8.3.1/../../../../pic32mx/lib\libpic32.a(vector19.o)
                              C:\Users\johnb\AppData\Local\Temp\ccJdI2EB.o (__vector_dispatch_19)
[...]
Memory Configuration

Name             Origin             Length             Attributes
kseg0_program_mem 0x000000009d000000 0x0000000000080000 xr
kseg0_boot_mem   0x000000009fc00490 0x0000000000000970
exception_mem    0x000000009fc01000 0x0000000000001000
kseg1_boot_mem   0x00000000bfc00000 0x0000000000000490
debug_exec_mem   0x00000000bfc02000 0x0000000000000ff0
config3          0x00000000bfc02ff0 0x0000000000000004
config2          0x00000000bfc02ff4 0x0000000000000004
config1          0x00000000bfc02ff8 0x0000000000000004
config0          0x00000000bfc02ffc 0x0000000000000004
kseg1_data_mem   0x00000000a0000000 0x0000000000020000 w !x
sfrs             0x00000000bf800000 0x0000000000100000
configsfrs       0x00000000bfc02ff0 0x0000000000000010
*default*        0x0000000000000000 0xffffffffffffffff

Linker script and memory map

LOAD c:/program files/microchip/xc32/v4.10/bin/bin/../../lib/gcc/pic32mx/8.3.1/../../../../pic32mx/lib\debug-exception-return.o
LOAD build/ULSWAPDAQ2/production/_ext/172095811/plib_clk.o
LOAD build/ULSWAPDAQ2/production/_ext/1040072074/plib_evic.o
LOAD build/ULSWAPDAQ2/production/_ext/1040125902/plib_gpio.o
LOAD build/ULSWAPDAQ2/production/_ext/910154199/plib_spi1_master.o
LOAD build/ULSWAPDAQ2/production/_ext/172112186/plib_tmr2.o
LOAD build/ULSWAPDAQ2/production/_ext/172112186/plib_tmr3.o
LOAD build/ULSWAPDAQ2/production/_ext/1040510519/plib_tmr1.o
LOAD build/ULSWAPDAQ2/production/_ext/1040528845/plib_uart1.o
LOAD build/ULSWAPDAQ2/production/_ext/460976341/xc32_monitor.o
LOAD build/ULSWAPDAQ2/production/_ext/681439909/initialization.o
LOAD build/ULSWAPDAQ2/production/_ext/681439909/interrupts.o
LOAD build/ULSWAPDAQ2/production/_ext/681439909/exceptions.o
LOAD build/ULSWAPDAQ2/production/_ext/1360937237/main.o
LOAD build/ULSWAPDAQ2/production/_ext/1360937237/pgaConfigure.o
                0x0000000000000001                __MPLAB_BUILD = 0x1
                0x0000000000000400                PROVIDE (_min_stack_size = 0x400)
START GROUP
LOAD libmchp_peripheral.a
END GROUP
START GROUP
LOAD libmchp_peripheral_32MX470F512H.a
END GROUP
                0x0000000000000001                PROVIDE (_vector_spacing = 0x1)
                0x000000009fc01000                PROVIDE (_ebase_address = 0x9fc01000)
                0x00000000bfc00000                _RESET_ADDR = 0xbfc00000
                0x00000000bfc00380                _BEV_EXCPT_ADDR = 0xbfc00380
                0x00000000bfc00480                _DBG_EXCPT_ADDR = 0xbfc00480
                0x00000000bfc02000                _DBG_CODE_ADDR = 0xbfc02000
                0x0000000000000ff0                _DBG_CODE_SIZE = 0xff0
                0x000000009fc01180                _GEN_EXCPT_ADDR = (_ebase_address + 0x180)

.config_BFC02FF0
                0x00000000bfc02ff0        0x4
 *(.config_BFC02FF0)
 .config_BFC02FF0
                0x00000000bfc02ff0        0x4 build/ULSWAPDAQ2/production/_ext/681439909/initialization.o
                0x00000000bfc02ff0                __config_BFC02FF0

.config_BFC02FF4
                0x00000000bfc02ff4        0x4
 *(.config_BFC02FF4)
 .config_BFC02FF4
                0x00000000bfc02ff4        0x4 build/ULSWAPDAQ2/production/_ext/681439909/initialization.o
                0x00000000bfc02ff4                __config_BFC02FF4

.config_BFC02FF8
                0x00000000bfc02ff8        0x4
 *(.config_BFC02FF8)
 .config_BFC02FF8
                0x00000000bfc02ff8        0x4 build/ULSWAPDAQ2/production/_ext/681439909/initialization.o
                0x00000000bfc02ff8                __config_BFC02FF8

.config_BFC02FFC
                0x00000000bfc02ffc        0x4
 *(.config_BFC02FFC)
 .config_BFC02FFC
                0x00000000bfc02ffc        0x4 build/ULSWAPDAQ2/production/_ext/681439909/initialization.o
                0x00000000bfc02ffc                __config_BFC02FFC

.reset          0x00000000bfc00000      0x19c
 *(.reset)
 .reset         0x00000000bfc00000        0x8 C:\Users\johnb\AppData\Local\Temp\ccOprmtw.o
                0x00000000bfc00000                _reset
 *(.reset.startup)
 .reset.startup
                0x00000000bfc00008      0x194 C:\Users\johnb\AppData\Local\Temp\ccOprmtw.o
                0x00000000bfc00008                _startup

.bev_excpt      0x00000000bfc00380       0x10
 *(.bev_handler)
 .bev_handler   0x00000000bfc00380       0x10 C:\Users\johnb\AppData\Local\Temp\ccOprmtw.o

.dbg_excpt      0x00000000bfc00480        0x0
                0x00000000bfc00480                . = (. + DEFINED (_DEBUGGER)?0x8:0x0)

.dbg_code       0x00000000bfc02000        0x0
                0x00000000bfc02000                . = (. + DEFINED (_DEBUGGER)?_DBG_CODE_SIZE:0x0)

.app_excpt      0x000000009fc01180       0x10
 *(.gen_handler)
 .gen_handler   0x000000009fc01180       0x10 C:\Users\johnb\AppData\Local\Temp\ccOprmtw.o

.vector_0       0x000000009fc01200        0x8
 *(.vector_0)
 .vector_0      0x000000009fc01200        0x8 c:/program files/microchip/xc32/v4.10/bin/bin/../../lib/gcc/pic32mx/8.3.1/../../../../pic32mx/lib\libpic32.a(vector0.o)
                0x000000009fc01200                __vector_dispatch_0
                0x0000000000000001                ASSERT (((_vector_spacing == 0x0) || (SIZEOF (.vector_0) <= (_vector_spacing << 0x5))), function at exception vector 0 too large)

.vector_1       0x000000009fc01220        0x8
 *(.vector_1)
 .vector_1      0x000000009fc01220        0x8 c:/program files/microchip/xc32/v4.10/bin/bin/../../lib/gcc/pic32mx/8.3.1/../../../../pic32mx/lib\libpic32.a(vector1.o)
                0x000000009fc01220                __vector_dispatch_1
                0x0000000000000001                ASSERT (((_vector_spacing == 0x0) || (SIZEOF (.vector_1) <= (_vector_spacing << 0x5))), function at exception vector 1 too large)

.vector_2       0x000000009fc01240        0x8
 *(.vector_2)
 .vector_2      0x000000009fc01240        0x8 c:/program files/microchip/xc32/v4.10/bin/bin/../../lib/gcc/pic32mx/8.3.1/../../../../pic32mx/lib\libpic32.a(vector2.o)
                0x000000009fc01240                __vector_dispatch_2
                0x0000000000000001                ASSERT (((_vector_spacing == 0x0) || (SIZEOF (.vector_2) <= (_vector_spacing << 0x5))), function at exception vector 2 too large)

.vector_3       0x000000009fc01260        0x8
 *(.vector_3)
 .vector_3      0x000000009fc01260        0x8 c:/program files/microchip/xc32/v4.10/bin/bin/../../lib/gcc/pic32mx/8.3.1/../../../../pic32mx/lib\libpic32.a(vector3.o)
                0x000000009fc01260                __vector_dispatch_3
                0x0000000000000001                ASSERT (((_vector_spacing == 0x0) || (SIZEOF (.vector_3) <= (_vector_spacing << 0x5))), function at exception vector 3 too large)

.vector_4       0x000000009fc01280        0x8
 *(.vector_4)
 .vector_4      0x000000009fc01280        0x8 build/ULSWAPDAQ2/production/_ext/681439909/interrupts.o
                0x000000009fc01280                __vector_dispatch_4
                0x0000000000000001                ASSERT (((_vector_spacing == 0x0) || (SIZEOF (.vector_4) <= (_vector_spacing << 0x5))), function at exception vector 4 too large)

.vector_5       0x000000009fc012a0        0x8
 *(.vector_5)
 .vector_5      0x000000009fc012a0        0x8 c:/program files/microchip/xc32/v4.10/bin/bin/../../lib/gcc/pic32mx/8.3.1/../../../../pic32mx/lib\libpic32.a(vector5.o)
                0x000000009fc012a0                __vector_dispatch_5
                0x0000000000000001                ASSERT (((_vector_spacing == 0x0) || (SIZEOF (.vector_5) <= (_vector_spacing << 0x5))), function at exception vector 5 too large)

.vector_6       0x000000009fc012c0        0x8
 *(.vector_6)
 .vector_6      0x000000009fc012c0        0x8 c:/program files/microchip/xc32/v4.10/bin/bin/../../lib/gcc/pic32mx/8.3.1/../../../../pic32mx/lib\libpic32.a(vector6.o)
                0x000000009fc012c0                __vector_dispatch_6
                0x0000000000000001                ASSERT (((_vector_spacing == 0x0) || (SIZEOF (.vector_6) <= (_vector_spacing << 0x5))), function at exception vector 6 too large)

.vector_7       0x000000009fc012e0        0x8
 *(.vector_7)
 .vector_7      0x000000009fc012e0        0x8 c:/program files/microchip/xc32/v4.10/bin/bin/../../lib/gcc/pic32mx/8.3.1/../../../../pic32mx/lib\libpic32.a(vector7.o)
                0x000000009fc012e0                __vector_dispatch_7
                0x0000000000000001                ASSERT (((_vector_spacing == 0x0) || (SIZEOF (.vector_7) <= (_vector_spacing << 0x5))), function at exception vector 7 too large)

.vector_8       0x000000009fc01300        0x8
 *(.vector_8)
 .vector_8      0x000000009fc01300        0x8 build/ULSWAPDAQ2/production/_ext/681439909/interrupts.o
                0x000000009fc01300                __vector_dispatch_8
                0x0000000000000001                ASSERT (((_vector_spacing == 0x0) || (SIZEOF (.vector_8) <= (_vector_spacing << 0x5))), function at exception vector 8 too large)

.vector_9       0x000000009fc01320        0x8
 *(.vector_9)
 .vector_9      0x000000009fc01320        0x8 c:/program files/microchip/xc32/v4.10/bin/bin/../../lib/gcc/pic32mx/8.3.1/../../../../pic32mx/lib\libpic32.a(vector9.o)
                0x000000009fc01320                __vector_dispatch_9
                0x0000000000000001                ASSERT (((_vector_spacing == 0x0) || (SIZEOF (.vector_9) <= (_vector_spacing << 0x5))), function at exception vector 9 too large)

.vector_10      0x000000009fc01340        0x8
 *(.vector_10)
 .vector_10     0x000000009fc01340        0x8 c:/program files/microchip/xc32/v4.10/bin/bin/../../lib/gcc/pic32mx/8.3.1/../../../../pic32mx/lib\libpic32.a(vector10.o)
                0x000000009fc01340                __vector_dispatch_10
                0x0000000000000001                ASSERT (((_vector_spacing == 0x0) || (SIZEOF (.vector_10) <= (_vector_spacing << 0x5))), function at exception vector 10 too large)

.vector_11      0x000000009fc01360        0x8
 *(.vector_11)
 .vector_11     0x000000009fc01360        0x8 c:/program files/microchip/xc32/v4.10/bin/bin/../../lib/gcc/pic32mx/8.3.1/../../../../pic32mx/lib\libpic32.a(vector11.o)
                0x000000009fc01360                __vector_dispatch_11
                0x0000000000000001                ASSERT (((_vector_spacing == 0x0) || (SIZEOF (.vector_11) <= (_vector_spacing << 0x5))), function at exception vector 11 too large)

.vector_12      0x000000009fc01380        0x8
 *(.vector_12)
 .vector_12     0x000000009fc01380        0x8 build/ULSWAPDAQ2/production/_ext/681439909/interrupts.o
                0x000000009fc01380                __vector_dispatch_12
                0x0000000000000001                ASSERT (((_vector_spacing == 0x0) || (SIZEOF (.vector_12) <= (_vector_spacing << 0x5))), function at exception vector 12 too large)

.vector_13      0x000000009fc013a0        0x8
 *(.vector_13)
 .vector_13     0x000000009fc013a0        0x8 c:/program files/microchip/xc32/v4.10/bin/bin/../../lib/gcc/pic32mx/8.3.1/../../../../pic32mx/lib\libpic32.a(vector13.o)
                0x000000009fc013a0                __vector_dispatch_13
                0x0000000000000001                ASSERT (((_vector_spacing == 0x0) || (SIZEOF (.vector_13) <= (_vector_spacing << 0x5))), function at exception vector 13 too large)

.vector_14      0x000000009fc013c0        0x8
 *(.vector_14)
 .vector_14     0x000000009fc013c0        0x8 c:/program files/microchip/xc32/v4.10/bin/bin/../../lib/gcc/pic32mx/8.3.1/../../../../pic32mx/lib\libpic32.a(vector14.o)
                0x000000009fc013c0                __vector_dispatch_14
                0x0000000000000001                ASSERT (((_vector_spacing == 0x0) || (SIZEOF (.vector_14) <= (_vector_spacing << 0x5))), function at exception vector 14 too large)

.vector_15      0x000000009fc013e0        0x8
 *(.vector_15)
 .vector_15     0x000000009fc013e0        0x8 c:/program files/microchip/xc32/v4.10/bin/bin/../../lib/gcc/pic32mx/8.3.1/../../../../pic32mx/lib\libpic32.a(vector15.o)
                0x000000009fc013e0                __vector_dispatch_15
                0x0000000000000001                ASSERT (((_vector_spacing == 0x0) || (SIZEOF (.vector_15) <= (_vector_spacing << 0x5))), function at exception vector 15 too large)

.vector_16      0x000000009fc01400        0x8
 *(.vector_16)
 .vector_16     0x000000009fc01400        0x8 c:/program files/microchip/xc32/v4.10/bin/bin/../../lib/gcc/pic32mx/8.3.1/../../../../pic32mx/lib\libpic32.a(vector16.o)
                0x000000009fc01400                __vector_dispatch_16
                0x0000000000000001                ASSERT (((_vector_spacing == 0x0) || (SIZEOF (.vector_16) <= (_vector_spacing << 0x5))), function at exception vector 16 too large)

.vector_17      0x000000009fc01420        0x8
 *(.vector_17)
 .vector_17     0x000000009fc01420        0x8 c:/program files/microchip/xc32/v4.10/bin/bin/../../lib/gcc/pic32mx/8.3.1/../../../../pic32mx/lib\libpic32.a(vector17.o)
                0x000000009fc01420                __vector_dispatch_17
                0x0000000000000001                ASSERT (((_vector_spacing == 0x0) || (SIZEOF (.vector_17) <= (_vector_spacing << 0x5))), function at exception vector 17 too large)

.vector_18      0x000000009fc01440        0x8
 *(.vector_18)
 .vector_18     0x000000009fc01440        0x8 c:/program files/microchip/xc32/v4.10/bin/bin/../../lib/gcc/pic32mx/8.3.1/../../../../pic32mx/lib\libpic32.a(vector18.o)
                0x000000009fc01440                __vector_dispatch_18
                0x0000000000000001                ASSERT (((_vector_spacing == 0x0) || (SIZEOF (.vector_18) <= (_vector_spacing << 0x5))), function at exception vector 18 too large)

.vector_19      0x000000009fc01460        0x8
 *(.vector_19)
 .vector_19     0x000000009fc01460        0x8 c:/program files/microchip/xc32/v4.10/bin/bin/../../lib/gcc/pic32mx/8.3.1/../../../../pic32mx/lib\libpic32.a(vector19.o)
                0x000000009fc01460                __vector_dispatch_19
                0x0000000000000001                ASSERT (((_vector_spacing == 0x0) || (SIZEOF (.vector_19) <= (_vector_spacing << 0x5))), function at exception vector 19 too large)

.vector_20      0x000000009fc01480        0x8
 *(.vector_20)
 .vector_20     0x000000009fc01480        0x8 c:/program files/microchip/xc32/v4.10/bin/bin/../../lib/gcc/pic32mx/8.3.1/../../../../pic32mx/lib\libpic32.a(vector20.o)
                0x000000009fc01480                __vector_dispatch_20
                0x0000000000000001                ASSERT (((_vector_spacing == 0x0) || (SIZEOF (.vector_20) <= (_vector_spacing << 0x5))), function at exception vector 20 too large)

.vector_21      0x000000009fc014a0        0x8
 *(.vector_21)
 .vector_21     0x000000009fc014a0        0x8 c:/program files/microchip/xc32/v4.10/bin/bin/../../lib/gcc/pic32mx/8.3.1/../../../../pic32mx/lib\libpic32.a(vector21.o)
                0x000000009fc014a0                __vector_dispatch_21
                0x0000000000000001                ASSERT (((_vector_spacing == 0x0) || (SIZEOF (.vector_21) <= (_vector_spacing << 0x5))), function at exception vector 21 too large)

.vector_22      0x000000009fc014c0        0x8
 *(.vector_22)
 .vector_22     0x000000009fc014c0        0x8 c:/program files/microchip/xc32/v4.10/bin/bin/../../lib/gcc/pic32mx/8.3.1/../../../../pic32mx/lib\libpic32.a(vector22.o)
                0x000000009fc014c0                __vector_dispatch_22
                0x0000000000000001                ASSERT (((_vector_spacing == 0x0) || (SIZEOF (.vector_22) <= (_vector_spacing << 0x5))), function at exception vector 22 too large)

.vector_23      0x000000009fc014e0        0x8
 *(.vector_23)
 .vector_23     0x000000009fc014e0        0x8 c:/program files/microchip/xc32/v4.10/bin/bin/../../lib/gcc/pic32mx/8.3.1/../../../../pic32mx/lib\libpic32.a(vector23.o)
                0x000000009fc014e0                __vector_dispatch_23
                0x0000000000000001                ASSERT (((_vector_spacing == 0x0) || (SIZEOF (.vector_23) <= (_vector_spacing << 0x5))), function at exception vector 23 too large)

.vector_24      0x000000009fc01500        0x8
 *(.vector_24)
 .vector_24     0x000000009fc01500        0x8 c:/program files/microchip/xc32/v4.10/bin/bin/../../lib/gcc/pic32mx/8.3.1/../../../../pic32mx/lib\libpic32.a(vector24.o)
                0x000000009fc01500                __vector_dispatch_24
                0x0000000000000001                ASSERT (((_vector_spacing == 0x0) || (SIZEOF (.vector_24) <= (_vector_spacing << 0x5))), function at exception vector 24 too large)

.vector_25      0x000000009fc01520        0x8
 *(.vector_25)
 .vector_25     0x000000009fc01520        0x8 c:/program files/microchip/xc32/v4.10/bin/bin/../../lib/gcc/pic32mx/8.3.1/../../../../pic32mx/lib\libpic32.a(vector25.o)
                0x000000009fc01520                __vector_dispatch_25
                0x0000000000000001                ASSERT (((_vector_spacing == 0x0) || (SIZEOF (.vector_25) <= (_vector_spacing << 0x5))), function at exception vector 25 too large)

.vector_26      0x000000009fc01540        0x8
 *(.vector_26)
 .vector_26     0x000000009fc01540        0x8 c:/program files/microchip/xc32/v4.10/bin/bin/../../lib/gcc/pic32mx/8.3.1/../../../../pic32mx/lib\libpic32.a(vector26.o)
                0x000000009fc01540                __vector_dispatch_26
                0x0000000000000001                ASSERT (((_vector_spacing == 0x0) || (SIZEOF (.vector_26) <= (_vector_spacing << 0x5))), function at exception vector 26 too large)

.vector_27      0x000000009fc01560        0x8
 *(.vector_27)
 .vector_27     0x000000009fc01560        0x8 c:/program files/microchip/xc32/v4.10/bin/bin/../../lib/gcc/pic32mx/8.3.1/../../../../pic32mx/lib\libpic32.a(vector27.o)
                0x000000009fc01560                __vector_dispatch_27
                0x0000000000000001                ASSERT (((_vector_spacing == 0x0) || (SIZEOF (.vector_27) <= (_vector_spacing << 0x5))), function at exception vector 27 too large)

.vector_28      0x000000009fc01580        0x8
 *(.vector_28)
 .vector_28     0x000000009fc01580        0x8 c:/program files/microchip/xc32/v4.10/bin/bin/../../lib/gcc/pic32mx/8.3.1/../../../../pic32mx/lib\libpic32.a(vector28.o)
                0x000000009fc01580                __vector_dispatch_28
                0x0000000000000001                ASSERT (((_vector_spacing == 0x0) || (SIZEOF (.vector_28) <= (_vector_spacing << 0x5))), function at exception vector 28 too large)

.vector_29      0x000000009fc015a0        0x8
 *(.vector_29)
 .vector_29     0x000000009fc015a0        0x8 c:/program files/microchip/xc32/v4.10/bin/bin/../../lib/gcc/pic32mx/8.3.1/../../../../pic32mx/lib\libpic32.a(vector29.o)
                0x000000009fc015a0                __vector_dispatch_29
                0x0000000000000001                ASSERT (((_vector_spacing == 0x0) || (SIZEOF (.vector_29) <= (_vector_spacing << 0x5))), function at exception vector 29 too large)

.vector_30      0x000000009fc015c0        0x8
 *(.vector_30)
 .vector_30     0x000000009fc015c0        0x8 build/ULSWAPDAQ2/production/_ext/681439909/interrupts.o
                0x000000009fc015c0                __vector_dispatch_30
                0x0000000000000001                ASSERT (((_vector_spacing == 0x0) || (SIZEOF (.vector_30) <= (_vector_spacing << 0x5))), function at exception vector 30 too large)

.vector_31      0x000000009fc015e0        0x8
 *(.vector_31)
 .vector_31     0x000000009fc015e0        0x8 c:/program files/microchip/xc32/v4.10/bin/bin/../../lib/gcc/pic32mx/8.3.1/../../../../pic32mx/lib\libpic32.a(vector31.o)
                0x000000009fc015e0                __vector_dispatch_31
                0x0000000000000001                ASSERT (((_vector_spacing == 0x0) || (SIZEOF (.vector_31) <= (_vector_spacing << 0x5))), function at exception vector 31 too large)

.vector_32      0x000000009fc01600        0x8
 *(.vector_32)
 .vector_32     0x000000009fc01600        0x8 c:/program files/microchip/xc32/v4.10/bin/bin/../../lib/gcc/pic32mx/8.3.1/../../../../pic32mx/lib\libpic32.a(vector32.o)
                0x000000009fc01600                __vector_dispatch_32
                0x0000000000000001                ASSERT (((_vector_spacing == 0x0) || (SIZEOF (.vector_32) <= (_vector_spacing << 0x5))), function at exception vector 32 too large)

.vector_33      0x000000009fc01620        0x8
 *(.vector_33)
 .vector_33     0x000000009fc01620        0x8 c:/program files/microchip/xc32/v4.10/bin/bin/../../lib/gcc/pic32mx/8.3.1/../../../../pic32mx/lib\libpic32.a(vector33.o)
                0x000000009fc01620                __vector_dispatch_33
                0x0000000000000001                ASSERT (((_vector_spacing == 0x0) || (SIZEOF (.vector_33) <= (_vector_spacing << 0x5))), function at exception vector 33 too large)

.vector_34      0x000000009fc01640        0x8
 *(.vector_34)
 .vector_34     0x000000009fc01640        0x8 c:/program files/microchip/xc32/v4.10/bin/bin/../../lib/gcc/pic32mx/8.3.1/../../../../pic32mx/lib\libpic32.a(vector34.o)
                0x000000009fc01640                __vector_dispatch_34
                0x0000000000000001                ASSERT (((_vector_spacing == 0x0) || (SIZEOF (.vector_34) <= (_vector_spacing << 0x5))), function at exception vector 34 too large)

.vector_35      0x000000009fc01660        0x8
 *(.vector_35)
 .vector_35     0x000000009fc01660        0x8 c:/program files/microchip/xc32/v4.10/bin/bin/../../lib/gcc/pic32mx/8.3.1/../../../../pic32mx/lib\libpic32.a(vector35.o)
                0x000000009fc01660                __vector_dispatch_35
                0x0000000000000001                ASSERT (((_vector_spacing == 0x0) || (SIZEOF (.vector_35) <= (_vector_spacing << 0x5))), function at exception vector 35 too large)

.vector_36      0x000000009fc01680        0x8
 *(.vector_36)
 .vector_36     0x000000009fc01680        0x8 c:/program files/microchip/xc32/v4.10/bin/bin/../../lib/gcc/pic32mx/8.3.1/../../../../pic32mx/lib\libpic32.a(vector36.o)
                0x000000009fc01680                __vector_dispatch_36
                0x0000000000000001                ASSERT (((_vector_spacing == 0x0) || (SIZEOF (.vector_36) <= (_vector_spacing << 0x5))), function at exception vector 36 too large)

.vector_37      0x000000009fc016a0        0x8
 *(.vector_37)
 .vector_37     0x000000009fc016a0        0x8 c:/program files/microchip/xc32/v4.10/bin/bin/../../lib/gcc/pic32mx/8.3.1/../../../../pic32mx/lib\libpic32.a(vector37.o)
                0x000000009fc016a0                __vector_dispatch_37
                0x0000000000000001                ASSERT (((_vector_spacing == 0x0) || (SIZEOF (.vector_37) <= (_vector_spacing << 0x5))), function at exception vector 37 too large)

.vector_38      0x000000009fc016c0        0x8
 *(.vector_38)
 .vector_38     0x000000009fc016c0        0x8 c:/program files/microchip/xc32/v4.10/bin/bin/../../lib/gcc/pic32mx/8.3.1/../../../../pic32mx/lib\libpic32.a(vector38.o)
                0x000000009fc016c0                __vector_dispatch_38
                0x0000000000000001                ASSERT (((_vector_spacing == 0x0) || (SIZEOF (.vector_38) <= (_vector_spacing << 0x5))), function at exception vector 38 too large)

.vector_39      0x000000009fc016e0        0x8
 *(.vector_39)
 .vector_39     0x000000009fc016e0        0x8 c:/program files/microchip/xc32/v4.10/bin/bin/../../lib/gcc/pic32mx/8.3.1/../../../../pic32mx/lib\libpic32.a(vector39.o)
                0x000000009fc016e0                __vector_dispatch_39
                0x0000000000000001                ASSERT (((_vector_spacing == 0x0) || (SIZEOF (.vector_39) <= (_vector_spacing << 0x5))), function at exception vector 39 too large)

.vector_40      0x000000009fc01700        0x8
 *(.vector_40)
 .vector_40     0x000000009fc01700        0x8 c:/program files/microchip/xc32/v4.10/bin/bin/../../lib/gcc/pic32mx/8.3.1/../../../../pic32mx/lib\libpic32.a(vector40.o)
                0x000000009fc01700                __vector_dispatch_40
                0x0000000000000001                ASSERT (((_vector_spacing == 0x0) || (SIZEOF (.vector_40) <= (_vector_spacing << 0x5))), function at exception vector 40 too large)

.vector_41      0x000000009fc01720        0x8
 *(.vector_41)
 .vector_41     0x000000009fc01720        0x8 c:/program files/microchip/xc32/v4.10/bin/bin/../../lib/gcc/pic32mx/8.3.1/../../../../pic32mx/lib\libpic32.a(vector41.o)
                0x000000009fc01720                __vector_dispatch_41
                0x0000000000000001                ASSERT (((_vector_spacing == 0x0) || (SIZEOF (.vector_41) <= (_vector_spacing << 0x5))), function at exception vector 41 too large)

.vector_42      0x000000009fc01740        0x8
 *(.vector_42)
 .vector_42     0x000000009fc01740        0x8 c:/program files/microchip/xc32/v4.10/bin/bin/../../lib/gcc/pic32mx/8.3.1/../../../../pic32mx/lib\libpic32.a(vector42.o)
                0x000000009fc01740                __vector_dispatch_42
                0x0000000000000001                ASSERT (((_vector_spacing == 0x0) || (SIZEOF (.vector_42) <= (_vector_spacing << 0x5))), function at exception vector 42 too large)

.vector_43      0x000000009fc01760        0x8
 *(.vector_43)
 .vector_43     0x000000009fc01760        0x8 c:/program files/microchip/xc32/v4.10/bin/bin/../../lib/gcc/pic32mx/8.3.1/../../../../pic32mx/lib\libpic32.a(vector43.o)
                0x000000009fc01760                __vector_dispatch_43
                0x0000000000000001                ASSERT (((_vector_spacing == 0x0) || (SIZEOF (.vector_43) <= (_vector_spacing << 0x5))), function at exception vector 43 too large)

.vector_44      0x000000009fc01780        0x8
 *(.vector_44)
 .vector_44     0x000000009fc01780        0x8 c:/program files/microchip/xc32/v4.10/bin/bin/../../lib/gcc/pic32mx/8.3.1/../../../../pic32mx/lib\libpic32.a(vector44.o)
                0x000000009fc01780                __vector_dispatch_44
                0x0000000000000001                ASSERT (((_vector_spacing == 0x0) || (SIZEOF (.vector_44) <= (_vector_spacing << 0x5))), function at exception vector 44 too large)

.vector_45      0x000000009fc017a0        0x8
 *(.vector_45)
 .vector_45     0x000000009fc017a0        0x8 c:/program files/microchip/xc32/v4.10/bin/bin/../../lib/gcc/pic32mx/8.3.1/../../../../pic32mx/lib\libpic32.a(vector45.o)
                0x000000009fc017a0                __vector_dispatch_45
                0x0000000000000001                ASSERT (((_vector_spacing == 0x0) || (SIZEOF (.vector_45) <= (_vector_spacing << 0x5))), function at exception vector 45 too large)

.vector_46      0x000000009fc017c0        0x0
 *(.vector_46)
                0x0000000000000001                ASSERT (((_vector_spacing == 0x0) || (SIZEOF (.vector_46) <= (_vector_spacing << 0x5))), function at exception vector 46 too large)

.vector_47      0x000000009fc017e0        0x0
 *(.vector_47)
                0x0000000000000001                ASSERT (((_vector_spacing == 0x0) || (SIZEOF (.vector_47) <= (_vector_spacing << 0x5))), function at exception vector 47 too large)

.vector_48      0x000000009fc01800        0x0
 *(.vector_48)
                0x0000000000000001                ASSERT (((_vector_spacing == 0x0) || (SIZEOF (.vector_48) <= (_vector_spacing << 0x5))), function at exception vector 48 too large)

.vector_49      0x000000009fc01820        0x0
 *(.vector_49)
                0x0000000000000001                ASSERT (((_vector_spacing == 0x0) || (SIZEOF (.vector_49) <= (_vector_spacing << 0x5))), function at exception vector 49 too large)

.vector_50      0x000000009fc01840        0x0
 *(.vector_50)
                0x0000000000000001                ASSERT (((_vector_spacing == 0x0) || (SIZEOF (.vector_50) <= (_vector_spacing << 0x5))), function at exception vector 50 too large)

.vector_51      0x000000009fc01860        0x0
 *(.vector_51)
                0x0000000000000001                ASSERT (((_vector_spacing == 0x0) || (SIZEOF (.vector_51) <= (_vector_spacing << 0x5))), function at exception vector 51 too large)

.vector_52      0x000000009fc01880        0x0
 *(.vector_52)
                0x0000000000000001                ASSERT (((_vector_spacing == 0x0) || (SIZEOF (.vector_52) <= (_vector_spacing << 0x5))), function at exception vector 52 too large)

.vector_53      0x000000009fc018a0        0x0
 *(.vector_53)
                0x0000000000000001                ASSERT (((_vector_spacing == 0x0) || (SIZEOF (.vector_53) <= (_vector_spacing << 0x5))), function at exception vector 53 too large)

.vector_54      0x000000009fc018c0        0x0
 *(.vector_54)
                0x0000000000000001                ASSERT (((_vector_spacing == 0x0) || (SIZEOF (.vector_54) <= (_vector_spacing << 0x5))), function at exception vector 54 too large)

.vector_55      0x000000009fc018e0        0x0
 *(.vector_55)
                0x0000000000000001                ASSERT (((_vector_spacing == 0x0) || (SIZEOF (.vector_55) <= (_vector_spacing << 0x5))), function at exception vector 55 too large)

.vector_56      0x000000009fc01900        0x0
 *(.vector_56)
                0x0000000000000001                ASSERT (((_vector_spacing == 0x0) || (SIZEOF (.vector_56) <= (_vector_spacing << 0x5))), function at exception vector 56 too large)

.vector_57      0x000000009fc01920        0x0
 *(.vector_57)
                0x0000000000000001                ASSERT (((_vector_spacing == 0x0) || (SIZEOF (.vector_57) <= (_vector_spacing << 0x5))), function at exception vector 57 too large)

.vector_58      0x000000009fc01940        0x0
 *(.vector_58)
                0x0000000000000001                ASSERT (((_vector_spacing == 0x0) || (SIZEOF (.vector_58) <= (_vector_spacing << 0x5))), function at exception vector 58 too large)

.vector_59      0x000000009fc01960        0x0
 *(.vector_59)
                0x0000000000000001                ASSERT (((_vector_spacing == 0x0) || (SIZEOF (.vector_59) <= (_vector_spacing << 0x5))), function at exception vector 59 too large)

.vector_60      0x000000009fc01980        0x0
 *(.vector_60)
                0x0000000000000001                ASSERT (((_vector_spacing == 0x0) || (SIZEOF (.vector_60) <= (_vector_spacing << 0x5))), function at exception vector 60 too large)

.vector_61      0x000000009fc019a0        0x0
 *(.vector_61)
                0x0000000000000001                ASSERT (((_vector_spacing == 0x0) || (SIZEOF (.vector_61) <= (_vector_spacing << 0x5))), function at exception vector 61 too large)

.vector_62      0x000000009fc019c0        0x0
 *(.vector_62)
                0x0000000000000001                ASSERT (((_vector_spacing == 0x0) || (SIZEOF (.vector_62) <= (_vector_spacing << 0x5))), function at exception vector 62 too large)

.vector_63      0x000000009fc019e0        0x0
 *(.vector_63)
                0x0000000000000001                ASSERT (((_vector_spacing == 0x0) || (SIZEOF (.vector_63) <= (_vector_spacing << 0x5))), function at exception vector 63 too large)

.startup
 *(.startup)

.text           0x000000009d000000        0x0
 *(.stub .gnu.linkonce.t.*)
 *(.text.*personality*)
 *(.mips16.fn.*)
 *(.mips16.call.*)
 *(.gnu.warning)
                0x000000009d000000                . = ALIGN (0x4)

.init           0x000000009d000000        0x0
 *crti.o(.init)
 *crtbegin.o(.init)
 *(EXCLUDE_FILE(*crtn.o *crtend?.o *crtend.o) .init)
 *crtend.o(.init)
 *crtn.o(.init)
                0x000000009d000000                . = ALIGN (0x4)

.fini           0x000000009d000000        0x0
 *(.fini)
                0x000000009d000000                . = ALIGN (0x4)

.preinit_array  0x000000009d000000        0x0
                [!provide]                        PROVIDE (__preinit_array_start = .)
 *(.preinit_array)
                [!provide]                        PROVIDE (__preinit_array_end = .)
                0x000000009d000000                . = ALIGN (0x4)

.init_array     0x000000009d000000        0x0
                [!provide]                        PROVIDE (__init_array_start = .)
 *(SORT_BY_NAME(.init_array.*))
 *(.init_array)
                [!provide]                        PROVIDE (__init_array_end = .)
                0x000000009d000000                . = ALIGN (0x4)

.fini_array     0x000000009d000000        0x0
                [!provide]                        PROVIDE (__fini_array_start = .)
 *(SORT_BY_NAME(.fini_array.*))
 *(.fini_array)
                [!provide]                        PROVIDE (__fini_array_end = .)
                0x000000009d000000                . = ALIGN (0x4)

.ctors          0x000000009d000000        0x0
 *crtbegin.o(.ctors)
 *crtbegin?.o(.ctors)
 *(EXCLUDE_FILE(*crtend?.o *crtend.o) .ctors)
 *(SORT_BY_NAME(.ctors.*))
 *(.ctors)
                0x000000009d000000                . = ALIGN (0x4)

.dtors          0x000000009d000000        0x0
 *crtbegin.o(.dtors)
 *crtbegin?.o(.dtors)
 *(EXCLUDE_FILE(*crtend?.o *crtend.o) .dtors)
 *(SORT_BY_NAME(.dtors.*))
 *(.dtors)
                0x000000009d000000                . = ALIGN (0x4)

.rodata         0x000000009d000000        0x0
 *(.gnu.linkonce.r.*)
 *(.rodata1)
                0x000000009d000000                . = ALIGN (0x4)

.sdata2         0x000000009d000000        0x0
 *(.sdata2 .sdata2.* .gnu.linkonce.s2.*)
                0x000000009d000000                . = ALIGN (0x4)

.sbss2          0x000000009d000000        0x0
 *(.sbss2 .sbss2.* .gnu.linkonce.sb2.*)
                0x000000009d000000                . = ALIGN (0x4)

.eh_frame_hdr
 *(.eh_frame_hdr)
                0x000000009d000000                . = ALIGN (0x4)

.eh_frame
 *(.eh_frame)
                0x000000009d000000                . = ALIGN (0x4)

.gcc_except_table
 *(.gcc_except_table .gcc_except_table.*)
                0x000000009d000000                . = ALIGN (0x4)

.dbg_data       0x00000000a0000000        0x0
                0x00000000a0000000                . = (. + DEFINED (_DEBUGGER)?0x200:0x0)

.jcr            0x00000000a0000000        0x0
 *(.jcr)
                0x00000000a0000000                . = ALIGN (0x4)

.eh_frame
 *(.eh_frame)
                0x00000000a0000000                . = ALIGN (0x4)

.gcc_except_table
 *(.gcc_except_table .gcc_except_table.*)
                0x00000000a0000000                . = ALIGN (0x4)

.persist        0x00000000a0000000        0x0
                0x00000000a0000000                _persist_begin = .
 *(.persist .persist.*)
                0x00000000a0000000                . = ALIGN (0x4)
                0x00000000a0000000                _persist_end = .

.data           0x00000000a0000000        0x0
 *(.gnu.linkonce.d.*)
 *(.data1)
                0x00000000a0000000                . = ALIGN (0x4)
                0x00000000a0000000                . = .
                0x00000000a0007ff0                _gp = (ALIGN (0x10) + 0x7ff0)

.got            0x00000000a0000000        0x0
 *(.got.plt)
 *(.got)
                0x00000000a0000000                . = ALIGN (0x4)

.sdata          0x00000000a0000000        0x8
                0x00000000a0000000                _sdata_begin = .
 *(.sdata .sdata.* .gnu.linkonce.s.*)
 .sdata         0x00000000a0000000        0x5 build/ULSWAPDAQ2/production/_ext/1360937237/main.o
                0x00000000a0000000                CNV_IsHigh
                0x00000000a0000001                C_config
                0x00000000a0000002                D_shdn
                0x00000000a0000003                B_shdn
                0x00000000a0000004                A_shdn
                0x00000000a0000008                . = ALIGN (0x4)
 *fill*         0x00000000a0000005        0x3 
                0x00000000a0000008                _sdata_end = .

.lit8
 *(.lit8)

.lit4
 *(.lit4)
                0x00000000a0000008                . = ALIGN (0x4)
                0x00000000a0000008                _data_end = .
                0x00000000a0000008                _bss_begin = .

.sbss           0x00000000a0000008       0x24
                0x00000000a0000008                _sbss_begin = .
 *(.dynsbss)
 *(.sbss .sbss.* .gnu.linkonce.sb.*)
 .sbss          0x00000000a0000008        0x8 build/ULSWAPDAQ2/production/_ext/172112186/plib_tmr2.o
 .sbss          0x00000000a0000010        0x8 build/ULSWAPDAQ2/production/_ext/172112186/plib_tmr3.o
 .sbss          0x00000000a0000018        0x8 build/ULSWAPDAQ2/production/_ext/1040510519/plib_tmr1.o
 .sbss          0x00000000a0000020        0xa build/ULSWAPDAQ2/production/_ext/1360937237/main.o
                0x00000000a0000020                next
                0x00000000a0000022                temp
                0x00000000a0000024                reset_word
                0x00000000a0000025                config
                0x00000000a0000026                D_config
                0x00000000a0000027                B_config
                0x00000000a0000028                A_config
                0x00000000a0000029                C_shdn
 *(.scommon)
                0x00000000a000002a                _sbss_end = .
                0x00000000a000002c                . = ALIGN (0x4)
 *fill*         0x00000000a000002a        0x2 

.bss            0x00000000a000002c        0x0
 *(.dynbss)
 *(COMMON)
                0x00000000a000002c                . = ALIGN ((. != 0x0)?0x4:0x1)
                0x00000000a000002c                . = ALIGN (0x4)
                0x00000000a000002c                _end = .
                0x00000000a000002c                _bss_end = .
                0x0000000000020000                _bmxdudba_address = LENGTH (kseg1_data_mem)
                0x0000000000020000                _bmxdupba_address = LENGTH (kseg1_data_mem)

/DISCARD/
 *(.pdr)
 *(.rel.dyn)
 *(.note.GNU-stack)
 *(.note.GNU-stack)
 *(.gnu_debuglink)
 *(.gnu.lto_*)
 *(.discard)

.gptab.sdata
 *(.gptab.data)
 *(.gptab.sdata)

.gptab.sbss
 *(.gptab.bss)
 *(.gptab.sbss)

.mdebug.abi32   0x0000000000000000        0x0
 *(.mdebug.abi32)
 .mdebug.abi32  0x0000000000000000        0x0 build/ULSWAPDAQ2/production/_ext/172095811/plib_clk.o
 .mdebug.abi32  0x0000000000000000        0x0 build/ULSWAPDAQ2/production/_ext/1040072074/plib_evic.o
 .mdebug.abi32  0x0000000000000000        0x0 build/ULSWAPDAQ2/production/_ext/1040125902/plib_gpio.o
 .mdebug.abi32  0x0000000000000000        0x0 build/ULSWAPDAQ2/production/_ext/910154199/plib_spi1_master.o
 .mdebug.abi32  0x0000000000000000        0x0 build/ULSWAPDAQ2/production/_ext/172112186/plib_tmr2.o
 .mdebug.abi32  0x0000000000000000        0x0 build/ULSWAPDAQ2/production/_ext/172112186/plib_tmr3.o
 .mdebug.abi32  0x0000000000000000        0x0 build/ULSWAPDAQ2/production/_ext/1040510519/plib_tmr1.o
 .mdebug.abi32  0x0000000000000000        0x0 build/ULSWAPDAQ2/production/_ext/1040528845/plib_uart1.o
 .mdebug.abi32  0x0000000000000000        0x0 build/ULSWAPDAQ2/production/_ext/460976341/xc32_monitor.o
 .mdebug.abi32  0x0000000000000000        0x0 build/ULSWAPDAQ2/production/_ext/681439909/initialization.o
 .mdebug.abi32  0x0000000000000000        0x0 build/ULSWAPDAQ2/production/_ext/681439909/interrupts.o
 .mdebug.abi32  0x0000000000000000        0x0 build/ULSWAPDAQ2/production/_ext/681439909/exceptions.o
 .mdebug.abi32  0x0000000000000000        0x0 build/ULSWAPDAQ2/production/_ext/1360937237/main.o
 .mdebug.abi32  0x0000000000000000        0x0 build/ULSWAPDAQ2/production/_ext/1360937237/pgaConfigure.o
 .mdebug.abi32  0x0000000000000000        0x0 c:/program files/microchip/xc32/v4.10/bin/bin/../../lib/gcc/pic32mx/8.3.1/../../../../pic32mx/lib\libpic32.a(default-on-reset.o)
 .mdebug.abi32  0x0000000000000000        0x0 c:/program files/microchip/xc32/v4.10/bin/bin/../../lib/gcc/pic32mx/8.3.1/../../../../pic32mx/lib\libpic32.a(default-on-bootstrap.o)
 .mdebug.abi32  0x0000000000000000        0x0 c:/program files/microchip/xc32/v4.10/bin/bin/../../lib/gcc/pic32mx/8.3.1/../../../../pic32mx/lib\libpic32.a(defaultinterrupt.o)

.mdebug.abiN32
 *(.mdebug.abiN32)

.mdebug.abi64
 *(.mdebug.abi64)

.mdebug.abiO64
 *(.mdebug.abiO64)

.mdebug.eabi32
 *(.mdebug.eabi32)

.mdebug.eabi64
 *(.mdebug.eabi64)

.gcc_compiled_long32
 *(.gcc_compiled_long32)

.gcc_compiled_long64
 *(.gcc_compiled_long64)

.stab
 *(.stab)

.stabstr
 *(.stabstr)

.stab.excl
 *(.stab.excl)

.stab.exclstr
 *(.stab.exclstr)

.stab.index
 *(.stab.index)

.stab.indexstr
 *(.stab.indexstr)

.comment        0x0000000000000000       0x2b
 *(.comment)
 .comment       0x0000000000000000       0x2b build/ULSWAPDAQ2/production/_ext/172095811/plib_clk.o
                                         0x2c (size before relaxing)
 .comment       0x000000000000002b       0x2c build/ULSWAPDAQ2/production/_ext/1040072074/plib_evic.o
 .comment       0x000000000000002b       0x2c build/ULSWAPDAQ2/production/_ext/1040125902/plib_gpio.o
 .comment       0x000000000000002b       0x2c build/ULSWAPDAQ2/production/_ext/910154199/plib_spi1_master.o
 .comment       0x000000000000002b       0x2c build/ULSWAPDAQ2/production/_ext/172112186/plib_tmr2.o
 .comment       0x000000000000002b       0x2c build/ULSWAPDAQ2/production/_ext/172112186/plib_tmr3.o
 .comment       0x000000000000002b       0x2c build/ULSWAPDAQ2/production/_ext/1040510519/plib_tmr1.o
 .comment       0x000000000000002b       0x2c build/ULSWAPDAQ2/production/_ext/1040528845/plib_uart1.o
 .comment       0x000000000000002b       0x2c build/ULSWAPDAQ2/production/_ext/460976341/xc32_monitor.o
 .comment       0x000000000000002b       0x2c build/ULSWAPDAQ2/production/_ext/681439909/initialization.o
 .comment       0x000000000000002b       0x2c build/ULSWAPDAQ2/production/_ext/681439909/interrupts.o
 .comment       0x000000000000002b       0x2c build/ULSWAPDAQ2/production/_ext/681439909/exceptions.o
 .comment       0x000000000000002b       0x2c build/ULSWAPDAQ2/production/_ext/1360937237/main.o
 .comment       0x000000000000002b       0x2c build/ULSWAPDAQ2/production/_ext/1360937237/pgaConfigure.o
 .comment       0x000000000000002b       0x2c c:/program files/microchip/xc32/v4.10/bin/bin/../../lib/gcc/pic32mx/8.3.1/../../../../pic32mx/lib\libpic32.a(default-on-reset.o)
 .comment       0x000000000000002b       0x2c c:/program files/microchip/xc32/v4.10/bin/bin/../../lib/gcc/pic32mx/8.3.1/../../../../pic32mx/lib\libpic32.a(default-on-bootstrap.o)
 .comment       0x000000000000002b       0x2c c:/program files/microchip/xc32/v4.10/bin/bin/../../lib/gcc/pic32mx/8.3.1/../../../../pic32mx/lib\libpic32.a(defaultinterrupt.o)

.debug
 *.elf(.debug)
 *(.debug)

.line
 *.elf(.line)
 *(.line)

.debug_srcinfo
 *.elf(.debug_srcinfo)
 *(.debug_srcinfo)

.debug_sfnames
 *.elf(.debug_sfnames)
 *(.debug_sfnames)

.debug_aranges  0x0000000000000000      0x498
 *.elf(.debug_aranges)
 *(.debug_aranges)
 .debug_aranges
                0x0000000000000000       0x20 build/ULSWAPDAQ2/production/_ext/172095811/plib_clk.o
 .debug_aranges
                0x0000000000000020       0x68 build/ULSWAPDAQ2/production/_ext/1040072074/plib_evic.o
 .debug_aranges
                0x0000000000000088       0x60 build/ULSWAPDAQ2/production/_ext/1040125902/plib_gpio.o
 .debug_aranges
                0x00000000000000e8       0x60 build/ULSWAPDAQ2/production/_ext/910154199/plib_spi1_master.o
 .debug_aranges
                0x0000000000000148       0x70 build/ULSWAPDAQ2/production/_ext/172112186/plib_tmr2.o
 .debug_aranges
                0x00000000000001b8       0x70 build/ULSWAPDAQ2/production/_ext/172112186/plib_tmr3.o
 .debug_aranges
                0x0000000000000228       0x70 build/ULSWAPDAQ2/production/_ext/1040510519/plib_tmr1.o
 .debug_aranges
                0x0000000000000298       0x80 build/ULSWAPDAQ2/production/_ext/1040528845/plib_uart1.o
 .debug_aranges
                0x0000000000000318       0x28 build/ULSWAPDAQ2/production/_ext/460976341/xc32_monitor.o
 .debug_aranges
                0x0000000000000340       0x20 build/ULSWAPDAQ2/production/_ext/681439909/initialization.o
 .debug_aranges
                0x0000000000000360       0x38 build/ULSWAPDAQ2/production/_ext/681439909/interrupts.o
 .debug_aranges
                0x0000000000000398       0x28 build/ULSWAPDAQ2/production/_ext/681439909/exceptions.o
 .debug_aranges
                0x00000000000003c0       0x40 build/ULSWAPDAQ2/production/_ext/1360937237/main.o
 .debug_aranges
                0x0000000000000400       0x38 build/ULSWAPDAQ2/production/_ext/1360937237/pgaConfigure.o
 .debug_aranges
                0x0000000000000438       0x20 c:/program files/microchip/xc32/v4.10/bin/bin/../../lib/gcc/pic32mx/8.3.1/../../../../pic32mx/lib\libpic32.a(default-on-reset.o)
 .debug_aranges
                0x0000000000000458       0x20 c:/program files/microchip/xc32/v4.10/bin/bin/../../lib/gcc/pic32mx/8.3.1/../../../../pic32mx/lib\libpic32.a(default-on-bootstrap.o)
 .debug_aranges
                0x0000000000000478       0x20 c:/program files/microchip/xc32/v4.10/bin/bin/../../lib/gcc/pic32mx/8.3.1/../../../../pic32mx/lib\libpic32.a(defaultinterrupt.o)

.debug_pubnames
 *.elf(.debug_pubnames)
 *(.debug_pubnames)

.debug_info     0x0000000000000000     0x3918
 *.elf(.debug_info .gnu.linkonce.wi.*)
 *(.debug_info .gnu.linkonce.wi.*)
 .debug_info    0x0000000000000000      0x416 build/ULSWAPDAQ2/production/_ext/172095811/plib_clk.o
 .debug_info    0x0000000000000416      0x522 build/ULSWAPDAQ2/production/_ext/1040072074/plib_evic.o
 .debug_info    0x0000000000000938      0x42c build/ULSWAPDAQ2/production/_ext/1040125902/plib_gpio.o
 .debug_info    0x0000000000000d64      0x66c build/ULSWAPDAQ2/production/_ext/910154199/plib_spi1_master.o
 .debug_info    0x00000000000013d0      0x583 build/ULSWAPDAQ2/production/_ext/172112186/plib_tmr2.o
 .debug_info    0x0000000000001953      0x583 build/ULSWAPDAQ2/production/_ext/172112186/plib_tmr3.o
 .debug_info    0x0000000000001ed6      0x597 build/ULSWAPDAQ2/production/_ext/1040510519/plib_tmr1.o
 .debug_info    0x000000000000246d      0x5f2 build/ULSWAPDAQ2/production/_ext/1040528845/plib_uart1.o
 .debug_info    0x0000000000002a5f      0x1ca build/ULSWAPDAQ2/production/_ext/460976341/xc32_monitor.o
 .debug_info    0x0000000000002c29      0x328 build/ULSWAPDAQ2/production/_ext/681439909/initialization.o
 .debug_info    0x0000000000002f51      0x150 build/ULSWAPDAQ2/production/_ext/681439909/interrupts.o
 .debug_info    0x00000000000030a1      0x13f build/ULSWAPDAQ2/production/_ext/681439909/exceptions.o
 .debug_info    0x00000000000031e0      0x47b build/ULSWAPDAQ2/production/_ext/1360937237/main.o
 .debug_info    0x000000000000365b      0x1ff build/ULSWAPDAQ2/production/_ext/1360937237/pgaConfigure.o
 .debug_info    0x000000000000385a       0x3f c:/program files/microchip/xc32/v4.10/bin/bin/../../lib/gcc/pic32mx/8.3.1/../../../../pic32mx/lib\libpic32.a(default-on-reset.o)
 .debug_info    0x0000000000003899       0x3f c:/program files/microchip/xc32/v4.10/bin/bin/../../lib/gcc/pic32mx/8.3.1/../../../../pic32mx/lib\libpic32.a(default-on-bootstrap.o)
 .debug_info    0x00000000000038d8       0x40 c:/program files/microchip/xc32/v4.10/bin/bin/../../lib/gcc/pic32mx/8.3.1/../../../../pic32mx/lib\libpic32.a(defaultinterrupt.o)

.debug_abbrev   0x0000000000000000     0x122b
 *.elf(.debug_abbrev)
 *(.debug_abbrev)
 .debug_abbrev  0x0000000000000000       0xd8 build/ULSWAPDAQ2/production/_ext/172095811/plib_clk.o
 .debug_abbrev  0x00000000000000d8      0x102 build/ULSWAPDAQ2/production/_ext/1040072074/plib_evic.o
 .debug_abbrev  0x00000000000001da       0xea build/ULSWAPDAQ2/production/_ext/1040125902/plib_gpio.o
 .debug_abbrev  0x00000000000002c4      0x25e build/ULSWAPDAQ2/production/_ext/910154199/plib_spi1_master.o
 .debug_abbrev  0x0000000000000522      0x1bd build/ULSWAPDAQ2/production/_ext/172112186/plib_tmr2.o
 .debug_abbrev  0x00000000000006df      0x1bd build/ULSWAPDAQ2/production/_ext/172112186/plib_tmr3.o
 .debug_abbrev  0x000000000000089c      0x204 build/ULSWAPDAQ2/production/_ext/1040510519/plib_tmr1.o
 .debug_abbrev  0x0000000000000aa0      0x218 build/ULSWAPDAQ2/production/_ext/1040528845/plib_uart1.o
 .debug_abbrev  0x0000000000000cb8       0xd8 build/ULSWAPDAQ2/production/_ext/460976341/xc32_monitor.o
 .debug_abbrev  0x0000000000000d90      0x115 build/ULSWAPDAQ2/production/_ext/681439909/initialization.o
 .debug_abbrev  0x0000000000000ea5       0x67 build/ULSWAPDAQ2/production/_ext/681439909/interrupts.o
 .debug_abbrev  0x0000000000000f0c       0x83 build/ULSWAPDAQ2/production/_ext/681439909/exceptions.o
 .debug_abbrev  0x0000000000000f8f      0x150 build/ULSWAPDAQ2/production/_ext/1360937237/main.o
 .debug_abbrev  0x00000000000010df       0xbf build/ULSWAPDAQ2/production/_ext/1360937237/pgaConfigure.o
 .debug_abbrev  0x000000000000119e       0x2e c:/program files/microchip/xc32/v4.10/bin/bin/../../lib/gcc/pic32mx/8.3.1/../../../../pic32mx/lib\libpic32.a(default-on-reset.o)
 .debug_abbrev  0x00000000000011cc       0x2e c:/program files/microchip/xc32/v4.10/bin/bin/../../lib/gcc/pic32mx/8.3.1/../../../../pic32mx/lib\libpic32.a(default-on-bootstrap.o)
 .debug_abbrev  0x00000000000011fa       0x31 c:/program files/microchip/xc32/v4.10/bin/bin/../../lib/gcc/pic32mx/8.3.1/../../../../pic32mx/lib\libpic32.a(defaultinterrupt.o)

.debug_line     0x0000000000000000     0x2e2e
 *.elf(.debug_line)
 *(.debug_line)
 .debug_line    0x0000000000000000      0x1c4 build/ULSWAPDAQ2/production/_ext/172095811/plib_clk.o
 .debug_line    0x00000000000001c4      0x2fb build/ULSWAPDAQ2/production/_ext/1040072074/plib_evic.o
 .debug_line    0x00000000000004bf      0x2fa build/ULSWAPDAQ2/production/_ext/1040125902/plib_gpio.o
 .debug_line    0x00000000000007b9      0x8a4 build/ULSWAPDAQ2/production/_ext/910154199/plib_spi1_master.o
 .debug_line    0x000000000000105d      0x2c1 build/ULSWAPDAQ2/production/_ext/172112186/plib_tmr2.o
 .debug_line    0x000000000000131e      0x2c1 build/ULSWAPDAQ2/production/_ext/172112186/plib_tmr3.o
 .debug_line    0x00000000000015df      0x2ce build/ULSWAPDAQ2/production/_ext/1040510519/plib_tmr1.o
 .debug_line    0x00000000000018ad      0x516 build/ULSWAPDAQ2/production/_ext/1040528845/plib_uart1.o
 .debug_line    0x0000000000001dc3      0x1a3 build/ULSWAPDAQ2/production/_ext/460976341/xc32_monitor.o
 .debug_line    0x0000000000001f66      0x478 build/ULSWAPDAQ2/production/_ext/681439909/initialization.o
 .debug_line    0x00000000000023de       0xea build/ULSWAPDAQ2/production/_ext/681439909/interrupts.o
 .debug_line    0x00000000000024c8       0xc2 build/ULSWAPDAQ2/production/_ext/681439909/exceptions.o
 .debug_line    0x000000000000258a      0x3fc build/ULSWAPDAQ2/production/_ext/1360937237/main.o
 .debug_line    0x0000000000002986      0x289 build/ULSWAPDAQ2/production/_ext/1360937237/pgaConfigure.o
 .debug_line    0x0000000000002c0f       0xa8 c:/program files/microchip/xc32/v4.10/bin/bin/../../lib/gcc/pic32mx/8.3.1/../../../../pic32mx/lib\libpic32.a(default-on-reset.o)
 .debug_line    0x0000000000002cb7       0xac c:/program files/microchip/xc32/v4.10/bin/bin/../../lib/gcc/pic32mx/8.3.1/../../../../pic32mx/lib\libpic32.a(default-on-bootstrap.o)
 .debug_line    0x0000000000002d63       0xcb c:/program files/microchip/xc32/v4.10/bin/bin/../../lib/gcc/pic32mx/8.3.1/../../../../pic32mx/lib\libpic32.a(defaultinterrupt.o)

.debug_frame    0x0000000000000000      0x93c
 *.elf(.debug_frame)
 *(.debug_frame)
 .debug_frame   0x0000000000000000       0x20 build/ULSWAPDAQ2/production/_ext/172095811/plib_clk.o
 .debug_frame   0x0000000000000020       0xd4 build/ULSWAPDAQ2/production/_ext/1040072074/plib_evic.o
 .debug_frame   0x00000000000000f4       0xa0 build/ULSWAPDAQ2/production/_ext/1040125902/plib_gpio.o
 .debug_frame   0x0000000000000194       0xc4 build/ULSWAPDAQ2/production/_ext/910154199/plib_spi1_master.o
 .debug_frame   0x0000000000000258       0xcc build/ULSWAPDAQ2/production/_ext/172112186/plib_tmr2.o
 .debug_frame   0x0000000000000324       0xcc build/ULSWAPDAQ2/production/_ext/172112186/plib_tmr3.o
 .debug_frame   0x00000000000003f0       0xcc build/ULSWAPDAQ2/production/_ext/1040510519/plib_tmr1.o
 .debug_frame   0x00000000000004bc      0x104 build/ULSWAPDAQ2/production/_ext/1040528845/plib_uart1.o
 .debug_frame   0x00000000000005c0       0x50 build/ULSWAPDAQ2/production/_ext/460976341/xc32_monitor.o
 .debug_frame   0x0000000000000610       0x2c build/ULSWAPDAQ2/production/_ext/681439909/initialization.o
 .debug_frame   0x000000000000063c      0x170 build/ULSWAPDAQ2/production/_ext/681439909/interrupts.o
 .debug_frame   0x00000000000007ac       0x40 build/ULSWAPDAQ2/production/_ext/681439909/exceptions.o
 .debug_frame   0x00000000000007ec       0xa0 build/ULSWAPDAQ2/production/_ext/1360937237/main.o
 .debug_frame   0x000000000000088c       0x50 build/ULSWAPDAQ2/production/_ext/1360937237/pgaConfigure.o
 .debug_frame   0x00000000000008dc       0x20 c:/program files/microchip/xc32/v4.10/bin/bin/../../lib/gcc/pic32mx/8.3.1/../../../../pic32mx/lib\libpic32.a(default-on-reset.o)
 .debug_frame   0x00000000000008fc       0x20 c:/program files/microchip/xc32/v4.10/bin/bin/../../lib/gcc/pic32mx/8.3.1/../../../../pic32mx/lib\libpic32.a(default-on-bootstrap.o)
 .debug_frame   0x000000000000091c       0x20 c:/program files/microchip/xc32/v4.10/bin/bin/../../lib/gcc/pic32mx/8.3.1/../../../../pic32mx/lib\libpic32.a(defaultinterrupt.o)

.debug_str      0x0000000000000000     0x504d
 *.elf(.debug_str)
 *(.debug_str)
 .debug_str     0x0000000000000000      0x442 build/ULSWAPDAQ2/production/_ext/172095811/plib_clk.o
 .debug_str     0x0000000000000442      0xabf build/ULSWAPDAQ2/production/_ext/1040072074/plib_evic.o
 .debug_str     0x0000000000000f01      0x49c build/ULSWAPDAQ2/production/_ext/1040125902/plib_gpio.o
 .debug_str     0x000000000000139d      0x6c4 build/ULSWAPDAQ2/production/_ext/910154199/plib_spi1_master.o
 .debug_str     0x0000000000001a61      0x51f build/ULSWAPDAQ2/production/_ext/172112186/plib_tmr2.o
 .debug_str     0x0000000000001f80      0x51f build/ULSWAPDAQ2/production/_ext/172112186/plib_tmr3.o
 .debug_str     0x000000000000249f      0x522 build/ULSWAPDAQ2/production/_ext/1040510519/plib_tmr1.o
 .debug_str     0x00000000000029c1      0x62d build/ULSWAPDAQ2/production/_ext/1040528845/plib_uart1.o
 .debug_str     0x0000000000002fee      0x338 build/ULSWAPDAQ2/production/_ext/460976341/xc32_monitor.o
 .debug_str     0x0000000000003326      0x42a build/ULSWAPDAQ2/production/_ext/681439909/initialization.o
 .debug_str     0x0000000000003750      0x384 build/ULSWAPDAQ2/production/_ext/681439909/interrupts.o
 .debug_str     0x0000000000003ad4      0x3d1 build/ULSWAPDAQ2/production/_ext/681439909/exceptions.o
 .debug_str     0x0000000000003ea5      0x438 build/ULSWAPDAQ2/production/_ext/1360937237/main.o
 .debug_str     0x00000000000042dd      0x355 build/ULSWAPDAQ2/production/_ext/1360937237/pgaConfigure.o
 .debug_str     0x0000000000004632      0x353 c:/program files/microchip/xc32/v4.10/bin/bin/../../lib/gcc/pic32mx/8.3.1/../../../../pic32mx/lib\libpic32.a(default-on-reset.o)
 .debug_str     0x0000000000004985      0x35b c:/program files/microchip/xc32/v4.10/bin/bin/../../lib/gcc/pic32mx/8.3.1/../../../../pic32mx/lib\libpic32.a(default-on-bootstrap.o)
 .debug_str     0x0000000000004ce0      0x36d c:/program files/microchip/xc32/v4.10/bin/bin/../../lib/gcc/pic32mx/8.3.1/../../../../pic32mx/lib\libpic32.a(defaultinterrupt.o)

.debug_loc      0x0000000000000000     0x100d
 *.elf(.debug_loc)
 *(.debug_loc)
 .debug_loc     0x0000000000000000       0xef build/ULSWAPDAQ2/production/_ext/1040072074/plib_evic.o
 .debug_loc     0x00000000000000ef      0x172 build/ULSWAPDAQ2/production/_ext/1040125902/plib_gpio.o
 .debug_loc     0x0000000000000261      0x3f3 build/ULSWAPDAQ2/production/_ext/910154199/plib_spi1_master.o
 .debug_loc     0x0000000000000654       0x16 build/ULSWAPDAQ2/production/_ext/172112186/plib_tmr2.o
 .debug_loc     0x000000000000066a       0x16 build/ULSWAPDAQ2/production/_ext/172112186/plib_tmr3.o
 .debug_loc     0x0000000000000680      0x4b8 build/ULSWAPDAQ2/production/_ext/1040528845/plib_uart1.o
 .debug_loc     0x0000000000000b38      0x197 build/ULSWAPDAQ2/production/_ext/460976341/xc32_monitor.o
 .debug_loc     0x0000000000000ccf       0x25 build/ULSWAPDAQ2/production/_ext/681439909/initialization.o
 .debug_loc     0x0000000000000cf4      0x1d7 build/ULSWAPDAQ2/production/_ext/1360937237/main.o
 .debug_loc     0x0000000000000ecb      0x142 build/ULSWAPDAQ2/production/_ext/1360937237/pgaConfigure.o

.debug_macinfo
 *.elf(.debug_macinfo)
 *(.debug_macinfo)

.debug_weaknames
 *.elf(.debug_weaknames)
 *(.debug_weaknames)

.debug_funcnames
 *.elf(.debug_funcnames)
 *(.debug_funcnames)

.debug_typenames
 *.elf(.debug_typenames)
 *(.debug_typenames)

.debug_varnames
 *.elf(.debug_varnames)
 *(.debug_varnames)

.debug_pubtypes
 *.elf(.debug_pubtypes)
 *(.debug_pubtypes)

.debug_ranges   0x0000000000000000      0x460
 *.elf(.debug_ranges)
 *(.debug_ranges)
 .debug_ranges  0x0000000000000000       0x10 build/ULSWAPDAQ2/production/_ext/172095811/plib_clk.o
 .debug_ranges  0x0000000000000010       0x58 build/ULSWAPDAQ2/production/_ext/1040072074/plib_evic.o
 .debug_ranges  0x0000000000000068       0x50 build/ULSWAPDAQ2/production/_ext/1040125902/plib_gpio.o
 .debug_ranges  0x00000000000000b8       0xe0 build/ULSWAPDAQ2/production/_ext/910154199/plib_spi1_master.o
 .debug_ranges  0x0000000000000198       0x60 build/ULSWAPDAQ2/production/_ext/172112186/plib_tmr2.o
 .debug_ranges  0x00000000000001f8       0x60 build/ULSWAPDAQ2/production/_ext/172112186/plib_tmr3.o
 .debug_ranges  0x0000000000000258       0x60 build/ULSWAPDAQ2/production/_ext/1040510519/plib_tmr1.o
 .debug_ranges  0x00000000000002b8       0x70 build/ULSWAPDAQ2/production/_ext/1040528845/plib_uart1.o
 .debug_ranges  0x0000000000000328       0x18 build/ULSWAPDAQ2/production/_ext/460976341/xc32_monitor.o
 .debug_ranges  0x0000000000000340       0x10 build/ULSWAPDAQ2/production/_ext/681439909/initialization.o
 .debug_ranges  0x0000000000000350       0x28 build/ULSWAPDAQ2/production/_ext/681439909/interrupts.o
 .debug_ranges  0x0000000000000378       0x18 build/ULSWAPDAQ2/production/_ext/681439909/exceptions.o
 .debug_ranges  0x0000000000000390       0x78 build/ULSWAPDAQ2/production/_ext/1360937237/main.o
 .debug_ranges  0x0000000000000408       0x28 build/ULSWAPDAQ2/production/_ext/1360937237/pgaConfigure.o
 .debug_ranges  0x0000000000000430       0x10 c:/program files/microchip/xc32/v4.10/bin/bin/../../lib/gcc/pic32mx/8.3.1/../../../../pic32mx/lib\libpic32.a(default-on-reset.o)
 .debug_ranges  0x0000000000000440       0x10 c:/program files/microchip/xc32/v4.10/bin/bin/../../lib/gcc/pic32mx/8.3.1/../../../../pic32mx/lib\libpic32.a(default-on-bootstrap.o)
 .debug_ranges  0x0000000000000450       0x10 c:/program files/microchip/xc32/v4.10/bin/bin/../../lib/gcc/pic32mx/8.3.1/../../../../pic32mx/lib\libpic32.a(defaultinterrupt.o)

.gnu.attributes
                0x0000000000000000       0x10
 *(.gnu.attributes)
 .gnu.attributes
                0x0000000000000000       0x10 c:/program files/microchip/xc32/v4.10/bin/bin/../../lib/gcc/pic32mx/8.3.1/../../../../pic32mx/lib\debug-exception-return.o
 .gnu.attributes
                0x0000000000000010       0x10 build/ULSWAPDAQ2/production/_ext/172095811/plib_clk.o
 .gnu.attributes
                0x0000000000000020       0x10 build/ULSWAPDAQ2/production/_ext/1040072074/plib_evic.o
 .gnu.attributes
                0x0000000000000030       0x10 build/ULSWAPDAQ2/production/_ext/1040125902/plib_gpio.o
 .gnu.attributes
                0x0000000000000040       0x10 build/ULSWAPDAQ2/production/_ext/910154199/plib_spi1_master.o
 .gnu.attributes
                0x0000000000000050       0x10 build/ULSWAPDAQ2/production/_ext/172112186/plib_tmr2.o
 .gnu.attributes
                0x0000000000000060       0x10 build/ULSWAPDAQ2/production/_ext/172112186/plib_tmr3.o
 .gnu.attributes
                0x0000000000000070       0x10 build/ULSWAPDAQ2/production/_ext/1040510519/plib_tmr1.o
 .gnu.attributes
                0x0000000000000080       0x10 build/ULSWAPDAQ2/production/_ext/1040528845/plib_uart1.o
 .gnu.attributes
                0x0000000000000090       0x10 build/ULSWAPDAQ2/production/_ext/460976341/xc32_monitor.o
 .gnu.attributes
                0x00000000000000a0       0x10 build/ULSWAPDAQ2/production/_ext/681439909/initialization.o
 .gnu.attributes
                0x00000000000000b0       0x10 build/ULSWAPDAQ2/production/_ext/681439909/interrupts.o
 .gnu.attributes
                0x00000000000000c0       0x10 build/ULSWAPDAQ2/production/_ext/681439909/exceptions.o
 .gnu.attributes
                0x00000000000000d0       0x10 build/ULSWAPDAQ2/production/_ext/1360937237/main.o
 .gnu.attributes
                0x00000000000000e0       0x10 build/ULSWAPDAQ2/production/_ext/1360937237/pgaConfigure.o
 .gnu.attributes
                0x00000000000000f0       0x10 C:\Users\johnb\AppData\Local\Temp\ccOprmtw.o
 .gnu.attributes
                0x0000000000000100       0x10 C:\Users\johnb\AppData\Local\Temp\cctRUjMw.o
 .gnu.attributes
                0x0000000000000110       0x10 C:\Users\johnb\AppData\Local\Temp\ccJdI2EB.o
 .gnu.attributes
                0x0000000000000120       0x10 c:/program files/microchip/xc32/v4.10/bin/bin/../../lib/gcc/pic32mx/8.3.1/../../../../pic32mx/lib\pic32_software_reset.o
 .gnu.attributes
                0x0000000000000130       0x10 c:/program files/microchip/xc32/v4.10/bin/bin/../../lib/gcc/pic32mx/8.3.1/../../../../pic32mx/lib\libpic32.a(default-on-reset.o)
 .gnu.attributes
                0x0000000000000140       0x10 c:/program files/microchip/xc32/v4.10/bin/bin/../../lib/gcc/pic32mx/8.3.1/../../../../pic32mx/lib\libpic32.a(default-on-bootstrap.o)
 .gnu.attributes
                0x0000000000000150       0x10 c:/program files/microchip/xc32/v4.10/bin/bin/../../lib/gcc/pic32mx/8.3.1/../../../../pic32mx/lib\libpic32.a(default-nmi-handler.o)
 .gnu.attributes
                0x0000000000000160       0x10 c:/program files/microchip/xc32/v4.10/bin/bin/../../lib/gcc/pic32mx/8.3.1/../../../../pic32mx/lib\libpic32.a(pic32_data_init.o)
 .gnu.attributes
                0x0000000000000170       0x10 c:/program files/microchip/xc32/v4.10/bin/bin/../../lib/gcc/pic32mx/8.3.1/../../../../pic32mx/lib\libpic32.a(general-exception.o)
 .gnu.attributes
                0x0000000000000180       0x10 c:/program files/microchip/xc32/v4.10/bin/bin/../../lib/gcc/pic32mx/8.3.1/../../../../pic32mx/lib\libpic32.a(vector0.o)
 .gnu.attributes
                0x0000000000000190       0x10 c:/program files/microchip/xc32/v4.10/bin/bin/../../lib/gcc/pic32mx/8.3.1/../../../../pic32mx/lib\libpic32.a(vector1.o)
 .gnu.attributes
                0x00000000000001a0       0x10 c:/program files/microchip/xc32/v4.10/bin/bin/../../lib/gcc/pic32mx/8.3.1/../../../../pic32mx/lib\libpic32.a(vector2.o)
 .gnu.attributes
                0x00000000000001b0       0x10 c:/program files/microchip/xc32/v4.10/bin/bin/../../lib/gcc/pic32mx/8.3.1/../../../../pic32mx/lib\libpic32.a(vector3.o)
 .gnu.attributes
                0x00000000000001c0       0x10 c:/program files/microchip/xc32/v4.10/bin/bin/../../lib/gcc/pic32mx/8.3.1/../../../../pic32mx/lib\libpic32.a(vector5.o)
 .gnu.attributes
                0x00000000000001d0       0x10 c:/program files/microchip/xc32/v4.10/bin/bin/../../lib/gcc/pic32mx/8.3.1/../../../../pic32mx/lib\libpic32.a(vector6.o)
 .gnu.attributes
                0x00000000000001e0       0x10 c:/program files/microchip/xc32/v4.10/bin/bin/../../lib/gcc/pic32mx/8.3.1/../../../../pic32mx/lib\libpic32.a(vector7.o)
 .gnu.attributes
                0x00000000000001f0       0x10 c:/program files/microchip/xc32/v4.10/bin/bin/../../lib/gcc/pic32mx/8.3.1/../../../../pic32mx/lib\libpic32.a(vector9.o)
 .gnu.attributes
                0x0000000000000200       0x10 c:/program files/microchip/xc32/v4.10/bin/bin/../../lib/gcc/pic32mx/8.3.1/../../../../pic32mx/lib\libpic32.a(vector10.o)
 .gnu.attributes
                0x0000000000000210       0x10 c:/program files/microchip/xc32/v4.10/bin/bin/../../lib/gcc/pic32mx/8.3.1/../../../../pic32mx/lib\libpic32.a(vector11.o)
 .gnu.attributes
                0x0000000000000220       0x10 c:/program files/microchip/xc32/v4.10/bin/bin/../../lib/gcc/pic32mx/8.3.1/../../../../pic32mx/lib\libpic32.a(vector13.o)
 .gnu.attributes
                0x0000000000000230       0x10 c:/program files/microchip/xc32/v4.10/bin/bin/../../lib/gcc/pic32mx/8.3.1/../../../../pic32mx/lib\libpic32.a(vector14.o)
 .gnu.attributes
                0x0000000000000240       0x10 c:/program files/microchip/xc32/v4.10/bin/bin/../../lib/gcc/pic32mx/8.3.1/../../../../pic32mx/lib\libpic32.a(vector15.o)
 .gnu.attributes
                0x0000000000000250       0x10 c:/program files/microchip/xc32/v4.10/bin/bin/../../lib/gcc/pic32mx/8.3.1/../../../../pic32mx/lib\libpic32.a(vector16.o)
 .gnu.attributes
                0x0000000000000260       0x10 c:/program files/microchip/xc32/v4.10/bin/bin/../../lib/gcc/pic32mx/8.3.1/../../../../pic32mx/lib\libpic32.a(vector17.o)
 .gnu.attributes
                0x0000000000000270       0x10 c:/program files/microchip/xc32/v4.10/bin/bin/../../lib/gcc/pic32mx/8.3.1/../../../../pic32mx/lib\libpic32.a(vector18.o)
 .gnu.attributes
                0x0000000000000280       0x10 c:/program files/microchip/xc32/v4.10/bin/bin/../../lib/gcc/pic32mx/8.3.1/../../../../pic32mx/lib\libpic32.a(vector19.o)
 .gnu.attributes
                0x0000000000000290       0x10 c:/program files/microchip/xc32/v4.10/bin/bin/../../lib/gcc/pic32mx/8.3.1/../../../../pic32mx/lib\libpic32.a(vector20.o)
 .gnu.attributes
                0x00000000000002a0       0x10 c:/program files/microchip/xc32/v4.10/bin/bin/../../lib/gcc/pic32mx/8.3.1/../../../../pic32mx/lib\libpic32.a(vector21.o)
 .gnu.attributes
                0x00000000000002b0       0x10 c:/program files/microchip/xc32/v4.10/bin/bin/../../lib/gcc/pic32mx/8.3.1/../../../../pic32mx/lib\libpic32.a(vector22.o)
 .gnu.attributes
                0x00000000000002c0       0x10 c:/program files/microchip/xc32/v4.10/bin/bin/../../lib/gcc/pic32mx/8.3.1/../../../../pic32mx/lib\libpic32.a(vector23.o)
 .gnu.attributes
                0x00000000000002d0       0x10 c:/program files/microchip/xc32/v4.10/bin/bin/../../lib/gcc/pic32mx/8.3.1/../../../../pic32mx/lib\libpic32.a(vector24.o)
 .gnu.attributes
                0x00000000000002e0       0x10 c:/program files/microchip/xc32/v4.10/bin/bin/../../lib/gcc/pic32mx/8.3.1/../../../../pic32mx/lib\libpic32.a(vector25.o)
 .gnu.attributes
                0x00000000000002f0       0x10 c:/program files/microchip/xc32/v4.10/bin/bin/../../lib/gcc/pic32mx/8.3.1/../../../../pic32mx/lib\libpic32.a(vector26.o)
 .gnu.attributes
                0x0000000000000300       0x10 c:/program files/microchip/xc32/v4.10/bin/bin/../../lib/gcc/pic32mx/8.3.1/../../../../pic32mx/lib\libpic32.a(vector27.o)
 .gnu.attributes
                0x0000000000000310       0x10 c:/program files/microchip/xc32/v4.10/bin/bin/../../lib/gcc/pic32mx/8.3.1/../../../../pic32mx/lib\libpic32.a(vector28.o)
 .gnu.attributes
                0x0000000000000320       0x10 c:/program files/microchip/xc32/v4.10/bin/bin/../../lib/gcc/pic32mx/8.3.1/../../../../pic32mx/lib\libpic32.a(vector29.o)
 .gnu.attributes
                0x0000000000000330       0x10 c:/program files/microchip/xc32/v4.10/bin/bin/../../lib/gcc/pic32mx/8.3.1/../../../../pic32mx/lib\libpic32.a(vector31.o)
 .gnu.attributes
                0x0000000000000340       0x10 c:/program files/microchip/xc32/v4.10/bin/bin/../../lib/gcc/pic32mx/8.3.1/../../../../pic32mx/lib\libpic32.a(vector32.o)
 .gnu.attributes
                0x0000000000000350       0x10 c:/program files/microchip/xc32/v4.10/bin/bin/../../lib/gcc/pic32mx/8.3.1/../../../../pic32mx/lib\libpic32.a(vector33.o)
 .gnu.attributes
                0x0000000000000360       0x10 c:/program files/microchip/xc32/v4.10/bin/bin/../../lib/gcc/pic32mx/8.3.1/../../../../pic32mx/lib\libpic32.a(vector34.o)
 .gnu.attributes
                0x0000000000000370       0x10 c:/program files/microchip/xc32/v4.10/bin/bin/../../lib/gcc/pic32mx/8.3.1/../../../../pic32mx/lib\libpic32.a(vector35.o)
 .gnu.attributes
                0x0000000000000380       0x10 c:/program files/microchip/xc32/v4.10/bin/bin/../../lib/gcc/pic32mx/8.3.1/../../../../pic32mx/lib\libpic32.a(vector36.o)
 .gnu.attributes
                0x0000000000000390       0x10 c:/program files/microchip/xc32/v4.10/bin/bin/../../lib/gcc/pic32mx/8.3.1/../../../../pic32mx/lib\libpic32.a(vector37.o)
 .gnu.attributes
                0x00000000000003a0       0x10 c:/program files/microchip/xc32/v4.10/bin/bin/../../lib/gcc/pic32mx/8.3.1/../../../../pic32mx/lib\libpic32.a(vector38.o)
 .gnu.attributes
                0x00000000000003b0       0x10 c:/program files/microchip/xc32/v4.10/bin/bin/../../lib/gcc/pic32mx/8.3.1/../../../../pic32mx/lib\libpic32.a(vector39.o)
 .gnu.attributes
                0x00000000000003c0       0x10 c:/program files/microchip/xc32/v4.10/bin/bin/../../lib/gcc/pic32mx/8.3.1/../../../../pic32mx/lib\libpic32.a(vector40.o)
 .gnu.attributes
                0x00000000000003d0       0x10 c:/program files/microchip/xc32/v4.10/bin/bin/../../lib/gcc/pic32mx/8.3.1/../../../../pic32mx/lib\libpic32.a(vector41.o)
 .gnu.attributes
                0x00000000000003e0       0x10 c:/program files/microchip/xc32/v4.10/bin/bin/../../lib/gcc/pic32mx/8.3.1/../../../../pic32mx/lib\libpic32.a(vector42.o)
 .gnu.attributes
                0x00000000000003f0       0x10 c:/program files/microchip/xc32/v4.10/bin/bin/../../lib/gcc/pic32mx/8.3.1/../../../../pic32mx/lib\libpic32.a(vector43.o)
 .gnu.attributes
                0x0000000000000400       0x10 c:/program files/microchip/xc32/v4.10/bin/bin/../../lib/gcc/pic32mx/8.3.1/../../../../pic32mx/lib\libpic32.a(vector44.o)
 .gnu.attributes
                0x0000000000000410       0x10 c:/program files/microchip/xc32/v4.10/bin/bin/../../lib/gcc/pic32mx/8.3.1/../../../../pic32mx/lib\libpic32.a(vector45.o)
 .gnu.attributes
                0x0000000000000420       0x10 c:/program files/microchip/xc32/v4.10/bin/bin/../../lib/gcc/pic32mx/8.3.1/../../../../pic32mx/lib\libpic32.a(defaultinterrupt.o)
                0x0000000000000200                _min_heap_size = 0x200
LOAD C:\Users\johnb\AppData\Local\Temp\ccOprmtw.o
LOAD C:\Users\johnb\AppData\Local\Temp\cctRUjMw.o
LOAD C:\Users\johnb\AppData\Local\Temp\ccJdI2EB.o
LOAD c:/program files/microchip/xc32/v4.10/bin/bin/../../lib/gcc/pic32mx/8.3.1/../../../../pic32mx/lib\pic32_software_reset.o
LOAD c:/program files/microchip/xc32/v4.10/bin/bin/../../lib/gcc/pic32mx/8.3.1\libgcc.a
START GROUP
LOAD c:/program files/microchip/xc32/v4.10/bin/bin/../../lib/gcc/pic32mx/8.3.1/../../../../pic32mx/lib\libpic32.a
LOAD c:/program files/microchip/xc32/v4.10/bin/bin/../../lib/gcc/pic32mx/8.3.1/../../../../pic32mx/lib\libdebug.a
LOAD c:/program files/microchip/xc32/v4.10/bin/bin/../../lib/gcc/pic32mx/8.3.1/../../../../pic32mx/lib\libc-musl.a
LOAD c:/program files/microchip/xc32/v4.10/bin/bin/../../lib/gcc/pic32mx/8.3.1/../../../../pic32mx/lib\libm.a
LOAD c:/program files/microchip/xc32/v4.10/bin/bin/../../lib/gcc/pic32mx/8.3.1/../../../../pic32mx/lib\libe.a
LOAD c:/program files/microchip/xc32/v4.10/bin/bin/../../lib/gcc/pic32mx/8.3.1/../../../../pic32mx/lib\libm-musl.a
LOAD c:/program files/microchip/xc32/v4.10/bin/bin/../../lib/gcc/pic32mx/8.3.1/../../../../pic32mx/lib\libdsp.a
LOAD c:/program files/microchip/xc32/v4.10/bin/bin/../../lib/gcc/pic32mx/8.3.1\libgcc.a
END GROUP
LOAD c:/program files/microchip/xc32/v4.10/bin/bin/../../lib/gcc/pic32mx/8.3.1\libgcc.a
OUTPUT(dist/ULSWAPDAQ2/production/ULSWAPDAQ2.X.production.elf elf32-tradlittlemips)
LOAD stack
LOAD data_init

.reginfo        0x0000000000000000       0x18
 .reginfo       0x0000000000000000       0x18 c:/program files/microchip/xc32/v4.10/bin/bin/../../lib/gcc/pic32mx/8.3.1/../../../../pic32mx/lib\debug-exception-return.o

.stack          0x00000000a0000270      0x400
 .stack         0x00000000a0000270      0x400 stack

.bss            0x00000000a000002c       0x28
 .bss           0x00000000a000002c       0x28 build/ULSWAPDAQ2/production/_ext/910154199/plib_spi1_master.o
                0x00000000a000002c                spi1Obj

._debug_exception
                0x00000000bfc00480       0x2c
 ._debug_exception
                0x00000000bfc00480       0x2c c:/program files/microchip/xc32/v4.10/bin/bin/../../lib/gcc/pic32mx/8.3.1/../../../../pic32mx/lib\debug-exception-return.o
                0x00000000bfc00480                __DbgExecReturn

.text.SPI_1_InterruptHandler
                0x000000009d000000      0x4c0
 .text.SPI_1_InterruptHandler
                0x000000009d000000      0x4c0 build/ULSWAPDAQ2/production/_ext/910154199/plib_spi1_master.o
                0x000000009d000000                SPI_1_InterruptHandler

.text.SPI1_WriteRead
                0x000000009d0004c0      0x310
 .text.SPI1_WriteRead
                0x000000009d0004c0      0x310 build/ULSWAPDAQ2/production/_ext/910154199/plib_spi1_master.o
                0x000000009d0004c0                SPI1_WriteRead

.text.main      0x000000009d0007d0      0x114
 .text.main     0x000000009d0007d0      0x114 build/ULSWAPDAQ2/production/_ext/1360937237/main.o
                0x000000009d0007d0                main

.text.TIMER_1_Handler
                0x000000009d0008e4      0x110
 .text.TIMER_1_Handler
                0x000000009d0008e4      0x110 build/ULSWAPDAQ2/production/_ext/681439909/interrupts.o
                0x000000009d0008e4                TIMER_1_Handler

.text.TIMER_2_Handler
                0x000000009d0009f4      0x110
 .text.TIMER_2_Handler
                0x000000009d0009f4      0x110 build/ULSWAPDAQ2/production/_ext/681439909/interrupts.o
                0x000000009d0009f4                TIMER_2_Handler

.text.TIMER_3_Handler
                0x000000009d000b04      0x110
 .text.TIMER_3_Handler
                0x000000009d000b04      0x110 build/ULSWAPDAQ2/production/_ext/681439909/interrupts.o
                0x000000009d000b04                TIMER_3_Handler

.text.SPI_1_Handler
                0x000000009d000c14      0x110
 .text.SPI_1_Handler
                0x000000009d000c14      0x110 build/ULSWAPDAQ2/production/_ext/681439909/interrupts.o
                0x000000009d000c14                SPI_1_Handler

.text.general_exception
                0x000000009d000d24       0xdc
 .text.general_exception
                0x000000009d000d24       0xdc c:/program files/microchip/xc32/v4.10/bin/bin/../../lib/gcc/pic32mx/8.3.1/../../../../pic32mx/lib\libpic32.a(general-exception.o)
                0x000000009d000d24                _general_exception_context

.text.GPIO_Initialize
                0x000000009d000e00       0xb4
 .text.GPIO_Initialize
                0x000000009d000e00       0xb4 build/ULSWAPDAQ2/production/_ext/1040125902/plib_gpio.o
                0x000000009d000e00                GPIO_Initialize

.text.configureA
                0x000000009d000eb4       0xb4
 .text.configureA
                0x000000009d000eb4       0xb4 build/ULSWAPDAQ2/production/_ext/1360937237/pgaConfigure.o
                0x000000009d000eb4                configureA

.text.configureC
                0x000000009d000f68       0xb4
 .text.configureC
                0x000000009d000f68       0xb4 build/ULSWAPDAQ2/production/_ext/1360937237/pgaConfigure.o
                0x000000009d000f68                configureC

.text.CLK_Initialize
                0x000000009d00101c       0xb0
 .text.CLK_Initialize
                0x000000009d00101c       0xb0 build/ULSWAPDAQ2/production/_ext/172095811/plib_clk.o
                0x000000009d00101c                CLK_Initialize

.text.configureB
                0x000000009d0010cc       0xb0
 .text.configureB
                0x000000009d0010cc       0xb0 build/ULSWAPDAQ2/production/_ext/1360937237/pgaConfigure.o
                0x000000009d0010cc                configureB

.text.configureD
                0x000000009d00117c       0xb0
 .text.configureD
                0x000000009d00117c       0xb0 build/ULSWAPDAQ2/production/_ext/1360937237/pgaConfigure.o
                0x000000009d00117c                configureD

.text.SYS_Initialize
                0x000000009d00122c       0xa8
 .text.SYS_Initialize
                0x000000009d00122c       0xa8 build/ULSWAPDAQ2/production/_ext/681439909/initialization.o
                0x000000009d00122c                SYS_Initialize

.text.SPI1_Initialize
                0x000000009d0012d4       0x8c
 .text.SPI1_Initialize
                0x000000009d0012d4       0x8c build/ULSWAPDAQ2/production/_ext/910154199/plib_spi1_master.o
                0x000000009d0012d4                SPI1_Initialize

.text           0x000000009d001360       0x8c
 .text          0x000000009d001360       0x8c c:/program files/microchip/xc32/v4.10/bin/bin/../../lib/gcc/pic32mx/8.3.1/../../../../pic32mx/lib\libpic32.a(pic32_data_init.o)
                0x000000009d001360                __pic32_data_init

.dinit          0x000000009d0013ec       0x60
 .dinit         0x000000009d0013ec       0x60 data_init

.text.main_entry
                0x000000009d00144c       0x54
 .text.main_entry
                0x000000009d00144c       0x54 C:\Users\johnb\AppData\Local\Temp\ccOprmtw.o
                0x000000009d001480                __crt0_exit

.vector_default
                0x000000009d0014a0       0x48
 .vector_default
                0x000000009d0014a0       0x48 c:/program files/microchip/xc32/v4.10/bin/bin/../../lib/gcc/pic32mx/8.3.1/../../../../pic32mx/lib\libpic32.a(defaultinterrupt.o)
                0x000000009d0014a0                _DefaultInterrupt

.text           0x000000009d0014e8       0x44
 .text          0x000000009d0014e8       0x44 c:/program files/microchip/xc32/v4.10/bin/bin/../../lib/gcc/pic32mx/8.3.1/../../../../pic32mx/lib\pic32_software_reset.o
                0x000000009d0014e8                __pic32_software_reset

.text.TIMER_2_InterruptHandler
                0x000000009d00152c       0x40
 .text.TIMER_2_InterruptHandler
                0x000000009d00152c       0x40 build/ULSWAPDAQ2/production/_ext/172112186/plib_tmr2.o
                0x000000009d00152c                TIMER_2_InterruptHandler

.text.TIMER_3_InterruptHandler
                0x000000009d00156c       0x40
 .text.TIMER_3_InterruptHandler
                0x000000009d00156c       0x40 build/ULSWAPDAQ2/production/_ext/172112186/plib_tmr3.o
                0x000000009d00156c                TIMER_3_InterruptHandler

.text.TIMER_1_InterruptHandler
                0x000000009d0015ac       0x40
 .text.TIMER_1_InterruptHandler
                0x000000009d0015ac       0x40 build/ULSWAPDAQ2/production/_ext/1040510519/plib_tmr1.o
                0x000000009d0015ac                TIMER_1_InterruptHandler

.text.EVIC_Initialize
                0x000000009d0015ec       0x3c
 .text.EVIC_Initialize
                0x000000009d0015ec       0x3c build/ULSWAPDAQ2/production/_ext/1040072074/plib_evic.o
                0x000000009d0015ec                EVIC_Initialize

.text.TMR2_Initialize
                0x000000009d001628       0x3c
 .text.TMR2_Initialize
                0x000000009d001628       0x3c build/ULSWAPDAQ2/production/_ext/172112186/plib_tmr2.o
                0x000000009d001628                TMR2_Initialize

.text.TMR3_Initialize
                0x000000009d001664       0x3c
 .text.TMR3_Initialize
                0x000000009d001664       0x3c build/ULSWAPDAQ2/production/_ext/172112186/plib_tmr3.o
                0x000000009d001664                TMR3_Initialize

.text.TMR1_Initialize
                0x000000009d0016a0       0x38
 .text.TMR1_Initialize
                0x000000009d0016a0       0x38 build/ULSWAPDAQ2/production/_ext/1040510519/plib_tmr1.o
                0x000000009d0016a0                TMR1_Initialize

.text.UART1_Initialize
                0x000000009d0016d8       0x34
 .text.UART1_Initialize
                0x000000009d0016d8       0x34 build/ULSWAPDAQ2/production/_ext/1040528845/plib_uart1.o
                0x000000009d0016d8                UART1_Initialize

.text.SPI1_IsBusy
                0x000000009d00170c       0x28
 .text.SPI1_IsBusy
                0x000000009d00170c       0x28 build/ULSWAPDAQ2/production/_ext/910154199/plib_spi1_master.o
                0x000000009d00170c                SPI1_IsBusy

.MIPS.abiflags  0x000000009d001738       0x18
 .MIPS.abiflags
                0x000000009d001738       0x18 c:/program files/microchip/xc32/v4.10/bin/bin/../../lib/gcc/pic32mx/8.3.1/../../../../pic32mx/lib\debug-exception-return.o

.text._general_exception_handler
                0x000000009d001750       0x18
 .text._general_exception_handler
                0x000000009d001750       0x18 build/ULSWAPDAQ2/production/_ext/681439909/exceptions.o
                0x000000009d001750                _general_exception_handler

.text._bootstrap_exception_handler
                0x000000009d001768       0x18
 .text._bootstrap_exception_handler
                0x000000009d001768       0x18 build/ULSWAPDAQ2/production/_ext/681439909/exceptions.o
                0x000000009d001768                _bootstrap_exception_handler

.text           0x000000009d001780       0x18
 .text          0x000000009d001780       0x18 c:/program files/microchip/xc32/v4.10/bin/bin/../../lib/gcc/pic32mx/8.3.1/../../../../pic32mx/lib\libpic32.a(default-nmi-handler.o)
                0x000000009d001780                _nmi_handler

.text._on_reset
                0x000000009d001798        0x8
 .text._on_reset
                0x000000009d001798        0x8 c:/program files/microchip/xc32/v4.10/bin/bin/../../lib/gcc/pic32mx/8.3.1/../../../../pic32mx/lib\libpic32.a(default-on-reset.o)
                0x000000009d001798                _on_reset

.text._on_bootstrap
                0x000000009d0017a0        0x8
 .text._on_bootstrap
                0x000000009d0017a0        0x8 c:/program files/microchip/xc32/v4.10/bin/bin/../../lib/gcc/pic32mx/8.3.1/../../../../pic32mx/lib\libpic32.a(default-on-bootstrap.o)
                0x000000009d0017a0                _on_bootstrap
